Archive member included because of file (symbol)

c:/winavr-20100110/bin/../lib/gcc/avr/4.3.3/avr5\libgcc.a(_mulsi3.o)
                              StringUtils.o (__mulsi3)
c:/winavr-20100110/bin/../lib/gcc/avr/4.3.3/avr5\libgcc.a(_udivmodhi4.o)
                              PowerMeter.o (__udivmodhi4)
c:/winavr-20100110/bin/../lib/gcc/avr/4.3.3/avr5\libgcc.a(_divmodhi4.o)
                              StringUtils.o (__divmodhi4)
c:/winavr-20100110/bin/../lib/gcc/avr/4.3.3/avr5\libgcc.a(_udivmodsi4.o)
                              SystemTime.o (__udivmodsi4)
c:/winavr-20100110/bin/../lib/gcc/avr/4.3.3/avr5\libgcc.a(_divmodsi4.o)
                              PowerMeter.o (__divmodsi4)
c:/winavr-20100110/bin/../lib/gcc/avr/4.3.3/avr5\libgcc.a(_exit.o)
                              c:/winavr-20100110/bin/../lib/gcc/avr/4.3.3/../../../../avr/lib/avr5/crtm32u4.o (exit)
c:/winavr-20100110/bin/../lib/gcc/avr/4.3.3/avr5\libgcc.a(_copy_data.o)
                              USBTerminal.o (__do_copy_data)
c:/winavr-20100110/bin/../lib/gcc/avr/4.3.3/avr5\libgcc.a(_clear_bss.o)
                              USBTerminal.o (__do_clear_bss)
c:/winavr-20100110/bin/../lib/gcc/avr/4.3.3/../../../../avr/lib/avr5\libc.a(atoi.o)
                              CommandProcessor.o (atoi)
c:/winavr-20100110/bin/../lib/gcc/avr/4.3.3/../../../../avr/lib/avr5\libc.a(memcpy_P.o)
                              ../../../LUFA/Drivers/USB/Class/Device/RNDISClassDevice.o (memcpy_P)
c:/winavr-20100110/bin/../lib/gcc/avr/4.3.3/../../../../avr/lib/avr5\libc.a(strcasecmp_P.o)
                              CommandProcessor.o (strcasecmp_P)
c:/winavr-20100110/bin/../lib/gcc/avr/4.3.3/../../../../avr/lib/avr5\libc.a(strcmp_P.o)
                              StringUtils.o (strcmp_P)
c:/winavr-20100110/bin/../lib/gcc/avr/4.3.3/../../../../avr/lib/avr5\libc.a(strlen_P.o)
                              CharString.o (strlen_P)
c:/winavr-20100110/bin/../lib/gcc/avr/4.3.3/../../../../avr/lib/avr5\libc.a(strncpy_P.o)
                              CharString.o (strncpy_P)
c:/winavr-20100110/bin/../lib/gcc/avr/4.3.3/../../../../avr/lib/avr5\libc.a(strtok.o)
                              CommandProcessor.o (strtok)
c:/winavr-20100110/bin/../lib/gcc/avr/4.3.3/../../../../avr/lib/avr5\libc.a(memcmp.o)
                              ../../../LUFA/Drivers/USB/Class/Device/HIDClassDevice.o (memcmp)
c:/winavr-20100110/bin/../lib/gcc/avr/4.3.3/../../../../avr/lib/avr5\libc.a(memcpy.o)
                              ../../../LUFA/Drivers/USB/Class/Device/HIDClassDevice.o (memcpy)
c:/winavr-20100110/bin/../lib/gcc/avr/4.3.3/../../../../avr/lib/avr5\libc.a(memset.o)
                              ../../../LUFA/Drivers/USB/Class/Device/HIDClassDevice.o (memset)
c:/winavr-20100110/bin/../lib/gcc/avr/4.3.3/../../../../avr/lib/avr5\libc.a(strncpy.o)
                              CommandProcessor.o (strncpy)
c:/winavr-20100110/bin/../lib/gcc/avr/4.3.3/../../../../avr/lib/avr5\libc.a(strtok_r.o)
                              c:/winavr-20100110/bin/../lib/gcc/avr/4.3.3/../../../../avr/lib/avr5\libc.a(strtok.o) (strtok_r)
c:/winavr-20100110/bin/../lib/gcc/avr/4.3.3/../../../../avr/lib/avr5\libc.a(mul10.o)
                              c:/winavr-20100110/bin/../lib/gcc/avr/4.3.3/../../../../avr/lib/avr5\libc.a(atoi.o) (__mulhi_const_10)
c:/winavr-20100110/bin/../lib/gcc/avr/4.3.3/../../../../avr/lib/avr5\libc.a(eerd_byte_atmega32u4.o)
                              ../../../LUFA/Drivers/USB/Core/AVR8/EndpointStream_AVR8.o (__eerd_byte_m32u4)
c:/winavr-20100110/bin/../lib/gcc/avr/4.3.3/../../../../avr/lib/avr5\libc.a(eeupd_byte_atmega32u4.o)
                              ../../../LUFA/Drivers/USB/Core/AVR8/EndpointStream_AVR8.o (__eeupd_byte_m32u4)

Allocating common symbols
Common symbol       size              file

USB_IsInitialized   0x1               ../../../LUFA/Drivers/USB/Core/USBTask.o
USB_Device_ConfigurationNumber
                    0x1               ../../../LUFA/Drivers/USB/Core/DeviceStandardReq.o
USB_Device_CurrentlySelfPowered
                    0x1               ../../../LUFA/Drivers/USB/Core/DeviceStandardReq.o
USB_ControlRequest  0x8               ../../../LUFA/Drivers/USB/Core/USBTask.o
USB_Device_RemoteWakeupEnabled
                    0x1               ../../../LUFA/Drivers/USB/Core/DeviceStandardReq.o

Discarded input sections

 .data          0x00000000        0x0 c:/winavr-20100110/bin/../lib/gcc/avr/4.3.3/../../../../avr/lib/avr5/crtm32u4.o
 .bss           0x00000000        0x0 c:/winavr-20100110/bin/../lib/gcc/avr/4.3.3/../../../../avr/lib/avr5/crtm32u4.o
 .text          0x00000000        0x0 USBtoSerial.o
 .data          0x00000000        0x0 USBtoSerial.o
 .bss           0x00000000        0x0 USBtoSerial.o
 .text          0x00000000        0x0 Descriptors.o
 .data          0x00000000        0x0 Descriptors.o
 .bss           0x00000000        0x0 Descriptors.o
[...]
Memory Configuration

Name             Origin             Length             Attributes
text             0x00000000         0x00020000         xr
data             0x00800060         0x0000ffa0         rw !x
eeprom           0x00810000         0x00010000         rw !x
fuse             0x00820000         0x00000400         rw !x
lock             0x00830000         0x00000400         rw !x
signature        0x00840000         0x00000400         rw !x
*default*        0x00000000         0xffffffff

Linker script and memory map

Address of section .data set to 0x800100
LOAD c:/winavr-20100110/bin/../lib/gcc/avr/4.3.3/../../../../avr/lib/avr5/crtm32u4.o
LOAD USBtoSerial.o
LOAD Descriptors.o
LOAD USBTerminal.o
LOAD Console.o
LOAD CommandProcessor.o
LOAD SystemTime.o
LOAD PowerMeter.o
LOAD INA219.o
LOAD I2CAsync.o
LOAD ByteQueue.o
LOAD StringUtils.o
LOAD CharString.o
LOAD EEPROM.o
LOAD ../../../LUFA/Drivers/USB/Class/Common/HIDParser.o
LOAD ../../../LUFA/Drivers/USB/Core/AVR8/Device_AVR8.o
LOAD ../../../LUFA/Drivers/USB/Core/AVR8/EndpointStream_AVR8.o
LOAD ../../../LUFA/Drivers/USB/Core/AVR8/Endpoint_AVR8.o
LOAD ../../../LUFA/Drivers/USB/Core/AVR8/Host_AVR8.o
LOAD ../../../LUFA/Drivers/USB/Core/AVR8/PipeStream_AVR8.o
LOAD ../../../LUFA/Drivers/USB/Core/AVR8/Pipe_AVR8.o
LOAD ../../../LUFA/Drivers/USB/Core/AVR8/USBController_AVR8.o
LOAD ../../../LUFA/Drivers/USB/Core/AVR8/USBInterrupt_AVR8.o
LOAD ../../../LUFA/Drivers/USB/Core/ConfigDescriptors.o
LOAD ../../../LUFA/Drivers/USB/Core/DeviceStandardReq.o
LOAD ../../../LUFA/Drivers/USB/Core/Events.o
LOAD ../../../LUFA/Drivers/USB/Core/HostStandardReq.o
LOAD ../../../LUFA/Drivers/USB/Core/USBTask.o
LOAD ../../../LUFA/Drivers/USB/Class/Device/AudioClassDevice.o
LOAD ../../../LUFA/Drivers/USB/Class/Device/CDCClassDevice.o
LOAD ../../../LUFA/Drivers/USB/Class/Device/HIDClassDevice.o
LOAD ../../../LUFA/Drivers/USB/Class/Device/MassStorageClassDevice.o
LOAD ../../../LUFA/Drivers/USB/Class/Device/MIDIClassDevice.o
LOAD ../../../LUFA/Drivers/USB/Class/Device/PrinterClassDevice.o
LOAD ../../../LUFA/Drivers/USB/Class/Device/RNDISClassDevice.o
LOAD ../../../LUFA/Drivers/USB/Class/Host/AndroidAccessoryClassHost.o
LOAD ../../../LUFA/Drivers/USB/Class/Host/AudioClassHost.o
LOAD ../../../LUFA/Drivers/USB/Class/Host/CDCClassHost.o
LOAD ../../../LUFA/Drivers/USB/Class/Host/HIDClassHost.o
LOAD ../../../LUFA/Drivers/USB/Class/Host/MassStorageClassHost.o
LOAD ../../../LUFA/Drivers/USB/Class/Host/MIDIClassHost.o
LOAD ../../../LUFA/Drivers/USB/Class/Host/PrinterClassHost.o
LOAD ../../../LUFA/Drivers/USB/Class/Host/RNDISClassHost.o
LOAD ../../../LUFA/Drivers/USB/Class/Host/StillImageClassHost.o
LOAD c:/winavr-20100110/bin/../lib/gcc/avr/4.3.3/../../../../avr/lib/avr5\libm.a
LOAD c:/winavr-20100110/bin/../lib/gcc/avr/4.3.3/avr5\libgcc.a
LOAD c:/winavr-20100110/bin/../lib/gcc/avr/4.3.3/../../../../avr/lib/avr5\libc.a
LOAD c:/winavr-20100110/bin/../lib/gcc/avr/4.3.3/avr5\libgcc.a

.hash
 *(.hash)

.dynsym
 *(.dynsym)

.dynstr
 *(.dynstr)

.gnu.version
 *(.gnu.version)

.gnu.version_d
 *(.gnu.version_d)

.gnu.version_r
 *(.gnu.version_r)

.rel.init
 *(.rel.init)

.rela.init
 *(.rela.init)

.rel.text
 *(.rel.text)
 *(.rel.text.*)
 *(.rel.gnu.linkonce.t*)

.rela.text
 *(.rela.text)
 *(.rela.text.*)
 *(.rela.gnu.linkonce.t*)

.rel.fini
 *(.rel.fini)

.rela.fini
 *(.rela.fini)

.rel.rodata
 *(.rel.rodata)
 *(.rel.rodata.*)
 *(.rel.gnu.linkonce.r*)

.rela.rodata
 *(.rela.rodata)
 *(.rela.rodata.*)
 *(.rela.gnu.linkonce.r*)

.rel.data
 *(.rel.data)
 *(.rel.data.*)
 *(.rel.gnu.linkonce.d*)

.rela.data
 *(.rela.data)
 *(.rela.data.*)
 *(.rela.gnu.linkonce.d*)

.rel.ctors
 *(.rel.ctors)

.rela.ctors
 *(.rela.ctors)

.rel.dtors
 *(.rel.dtors)

.rela.dtors
 *(.rela.dtors)

.rel.got
 *(.rel.got)

.rela.got
 *(.rela.got)

.rel.bss
 *(.rel.bss)

.rela.bss
 *(.rela.bss)

.rel.plt
 *(.rel.plt)

.rela.plt
 *(.rela.plt)

.text           0x00000000     0x22dc
 *(.vectors)
 .vectors       0x00000000       0xac c:/winavr-20100110/bin/../lib/gcc/avr/4.3.3/../../../../avr/lib/avr5/crtm32u4.o
                0x00000000                __vectors
                0x00000000                __vector_default
 *(.vectors)
 *(.progmem.gcc*)
 *(.progmem*)
 .progmem.data  0x000000ac       0x9e Descriptors.o
                0x00000100                ManufacturerString
                0x000000fc                LanguageString
                0x000000ac                DeviceDescriptor
                0x0000011a                ProductString
                0x000000be                ConfigurationDescriptor
 .progmem.data  0x0000014a        0x3 USBTerminal.o
                0x0000014a                crlfP
 .progmem.data  0x0000014d       0x55 CommandProcessor.o
 .progmem.data  0x000001a2       0x57 PowerMeter.o
 .progmem.data  0x000001f9        0x9 INA219.o
                0x00000202                . = ALIGN (0x2)
                0x00000202                __trampolines_start = .
 *(.trampolines)
 .trampolines   0x00000202        0x0 linker stubs
 *(.trampolines*)
                0x00000202                __trampolines_end = .
 *(.jumptables)
 *(.jumptables*)
 *(.lowtext)
 *(.lowtext*)
                0x00000202                __ctors_start = .
 *(.ctors)
                0x00000202                __ctors_end = .
                0x00000202                __dtors_start = .
 *(.dtors)
                0x00000202                __dtors_end = .
 SORT(*)(.ctors)
 SORT(*)(.dtors)
 *(.init0)
 .init0         0x00000202        0x0 c:/winavr-20100110/bin/../lib/gcc/avr/4.3.3/../../../../avr/lib/avr5/crtm32u4.o
                0x00000202                __init
 *(.init0)
 *(.init1)
 *(.init1)
 *(.init2)
 .init2         0x00000202        0xc c:/winavr-20100110/bin/../lib/gcc/avr/4.3.3/../../../../avr/lib/avr5/crtm32u4.o
 *(.init2)
 *(.init3)
 *(.init3)
 *(.init4)
 .init4         0x0000020e       0x16 c:/winavr-20100110/bin/../lib/gcc/avr/4.3.3/avr5\libgcc.a(_copy_data.o)
                0x0000020e                __do_copy_data
 .init4         0x00000224       0x10 c:/winavr-20100110/bin/../lib/gcc/avr/4.3.3/avr5\libgcc.a(_clear_bss.o)
                0x00000224                __do_clear_bss
 *(.init4)
 *(.init5)
 *(.init5)
 *(.init6)
 *(.init6)
 *(.init7)
 *(.init7)
 *(.init8)
 *(.init8)
 *(.init9)
 .init9         0x00000234        0x6 c:/winavr-20100110/bin/../lib/gcc/avr/4.3.3/../../../../avr/lib/avr5/crtm32u4.o
 *(.init9)
 *(.text)
 .text          0x0000023a        0x2 c:/winavr-20100110/bin/../lib/gcc/avr/4.3.3/../../../../avr/lib/avr5/crtm32u4.o
                0x0000023a                __vector_38
                0x0000023a                __vector_22
                0x0000023a                __vector_28
                0x0000023a                __vector_1
                0x0000023a                __vector_34
                0x0000023a                __vector_24
                0x0000023a                __vector_12
                0x0000023a                __bad_interrupt
                0x0000023a                __vector_6
                0x0000023a                __vector_31
                0x0000023a                __vector_35
                0x0000023a                __vector_39
                0x0000023a                __vector_3
                0x0000023a                __vector_23
                0x0000023a                __vector_30
                0x0000023a                __vector_25
                0x0000023a                __vector_13
                0x0000023a                __vector_19
                0x0000023a                __vector_7
                0x0000023a                __vector_41
                0x0000023a                __vector_27
                0x0000023a                __vector_5
                0x0000023a                __vector_33
                0x0000023a                __vector_37
                0x0000023a                __vector_4
                0x0000023a                __vector_9
                0x0000023a                __vector_2
                0x0000023a                __vector_21
                0x0000023a                __vector_15
                0x0000023a                __vector_36
                0x0000023a                __vector_29
                0x0000023a                __vector_40
                0x0000023a                __vector_8
                0x0000023a                __vector_26
                0x0000023a                __vector_14
                0x0000023a                __vector_16
                0x0000023a                __vector_18
                0x0000023a                __vector_20
                0x0000023a                __vector_42
                0x0000023c                . = ALIGN (0x2)
 *(.text.*)
 .text.Initialize
                0x0000023c       0x20 USBtoSerial.o
                0x0000023c                Initialize
 .text.main     0x0000025c       0x10 USBtoSerial.o
                0x0000025c                main
 .text.CALLBACK_USB_GetDescriptor
                0x0000026c       0x5c Descriptors.o
                0x0000026c                CALLBACK_USB_GetDescriptor
 .text.USBTerminal_isConnected
                0x000002c8        0x6 USBTerminal.o
                0x000002c8                USBTerminal_isConnected
 .text.EVENT_USB_Device_Connect
                0x000002ce        0x8 USBTerminal.o
                0x000002ce                EVENT_USB_Device_Connect
 .text.EVENT_USB_Device_Disconnect
                0x000002d6        0x6 USBTerminal.o
                0x000002d6                EVENT_USB_Device_Disconnect
 .text.EVENT_CDC_Device_LineEncodingChanged
                0x000002dc        0x2 USBTerminal.o
                0x000002dc                EVENT_CDC_Device_LineEncodingChanged
 .text.EVENT_USB_Device_ControlRequest
                0x000002de        0x8 USBTerminal.o
                0x000002de                EVENT_USB_Device_ControlRequest
 .text.EVENT_USB_Device_ConfigurationChanged
                0x000002e6        0x8 USBTerminal.o
                0x000002e6                EVENT_USB_Device_ConfigurationChanged
 .text.USBTerminal_Initialize
                0x000002ee       0x10 USBTerminal.o
                0x000002ee                USBTerminal_Initialize
 .text.USBTerminal_sendCharsToHostP
                0x000002fe       0x3c USBTerminal.o
                0x000002fe                USBTerminal_sendCharsToHostP
 .text.USBTerminal_sendLineToHostP
                0x0000033a        0x8 USBTerminal.o
                0x0000033a                USBTerminal_sendLineToHostP
 .text.USBTerminal_sendCharsToHost
                0x00000342       0x3a USBTerminal.o
                0x00000342                USBTerminal_sendCharsToHost
 .text.USBTerminal_sendLineToHost
                0x0000037c        0x8 USBTerminal.o
                0x0000037c                USBTerminal_sendLineToHost
 .text.USBTerminal_task
                0x00000384       0xaa USBTerminal.o
                0x00000384                USBTerminal_task
 .text.Console_Initialize
                0x0000042e        0x2 Console.o
                0x0000042e                Console_Initialize
 .text.Console_printCS
                0x00000430       0x18 Console.o
                0x00000430                Console_printCS
 .text.Console_printP
                0x00000448       0x16 Console.o
                0x00000448                Console_printP
 .text.Console_task
                0x0000045e       0xda Console.o
                0x0000045e                Console_task
 .text.CommandProcessor_processCommand
                0x00000538      0x194 CommandProcessor.o
                0x00000538                CommandProcessor_processCommand
 .text.SystemTime_Initialize
                0x000006cc       0x56 SystemTime.o
                0x000006cc                SystemTime_Initialize
 .text.SystemTime_getCurrentTime
                0x00000722       0x22 SystemTime.o
                0x00000722                SystemTime_getCurrentTime
 .text.SystemTime_futureTime
                0x00000744       0x5e SystemTime.o
                0x00000744                SystemTime_futureTime
 .text.SystemTime_timeHasArrived
                0x000007a2       0x4c SystemTime.o
                0x000007a2                SystemTime_timeHasArrived
 .text.SystemTime_task
                0x000007ee       0x10 SystemTime.o
                0x000007ee                SystemTime_task
 .text.__vector_32
                0x000007fe       0xa0 SystemTime.o
                0x000007fe                __vector_32
 .text.writeCompletionHandler
                0x0000089e        0x8 PowerMeter.o
 .text.readCompletionHandler
                0x000008a6       0x10 PowerMeter.o
 .text.PowerMeter_start
                0x000008b6        0x8 PowerMeter.o
                0x000008b6                PowerMeter_start
 .text.PowerMeter_stop
                0x000008be        0x6 PowerMeter.o
                0x000008be                PowerMeter_stop
 .text.PowerMeter_reset
                0x000008c4       0x22 PowerMeter.o
                0x000008c4                PowerMeter_reset
 .text.PowerMeter_Initialize
                0x000008e6       0x52 PowerMeter.o
                0x000008e6                PowerMeter_Initialize
 .text.__vector_17
                0x00000938       0x90 PowerMeter.o
                0x00000938                __vector_17
 .text.PowerMeter_task
                0x000009c8      0x2d6 PowerMeter.o
                0x000009c8                PowerMeter_task
 .text.writeHandler
                0x00000c9e       0x10 INA219.o
                0x00000c9e                writeHandler
 .text.readHandler
                0x00000cae       0x24 INA219.o
                0x00000cae                readHandler
 .text.INA219_readRegister
                0x00000cd2       0x32 INA219.o
                0x00000cd2                INA219_readRegister
 .text.INA219_setRegisterPtr
                0x00000d04       0x36 INA219.o
                0x00000d04                INA219_setRegisterPtr
 .text.INA219_setConfiguration
                0x00000d3a       0xfa INA219.o
                0x00000d3a                INA219_setConfiguration
 .text.sendStart
                0x00000e34        0x8 I2CAsync.o
 .text.sendStop
                0x00000e3c        0x8 I2CAsync.o
 .text.i2cStatus
                0x00000e44        0x8 I2CAsync.o
 .text.terminateRead
                0x00000e4c       0x22 I2CAsync.o
 .text.terminateWrite
                0x00000e6e       0x22 I2CAsync.o
 .text.I2CAsync_Initialize
                0x00000e90        0xc I2CAsync.o
                0x00000e90                I2CAsync_Initialize
 .text.I2CAsync_isIdle
                0x00000e9c       0x10 I2CAsync.o
                0x00000e9c                I2CAsync_isIdle
 .text.I2CAsync_transferData
                0x00000eac       0x74 I2CAsync.o
                0x00000eac                I2CAsync_transferData
 .text.checkTimeout
                0x00000f20       0x30 I2CAsync.o
 .text.I2CAsync_task
                0x00000f50      0x1c4 I2CAsync.o
                0x00000f50                I2CAsync_task
 .text.ByteQueue_clear
                0x00001114       0x16 ByteQueue.o
                0x00001114                ByteQueue_clear
 .text.ByteQueue_push
                0x0000112a       0x7e ByteQueue.o
                0x0000112a                ByteQueue_push
 .text.ByteQueue_pop
                0x000011a8       0x64 ByteQueue.o
                0x000011a8                ByteQueue_pop
 .text.StringUtils_appendDecimal32
                0x0000120c      0x148 StringUtils.o
                0x0000120c                StringUtils_appendDecimal32
 .text.StringUtils_appendDecimal
                0x00001354       0xe4 StringUtils.o
                0x00001354                StringUtils_appendDecimal
 .text.CharString_appendC
                0x00001438       0x2e CharString.o
                0x00001438                CharString_appendC
 .text.CharString_truncate
                0x00001466       0x1a CharString.o
                0x00001466                CharString_truncate
 .text.CharString_appendP
                0x00001480       0x48 CharString.o
                0x00001480                CharString_appendP
 .text.CharString_append
                0x000014c8       0x54 CharString.o
                0x000014c8                CharString_append
 .text.EEPROM_write
                0x0000151c       0x10 EEPROM.o
                0x0000151c                EEPROM_write
 .text.EEPROM_read
                0x0000152c        0xe EEPROM.o
                0x0000152c                EEPROM_read
 .text.Endpoint_Write_Control_Stream_LE
                0x0000153a       0xd0 ../../../LUFA/Drivers/USB/Core/AVR8/EndpointStream_AVR8.o
                0x0000153a                Endpoint_Write_Control_Stream_LE
 .text.Endpoint_Write_Control_PStream_LE
                0x0000160a       0xd2 ../../../LUFA/Drivers/USB/Core/AVR8/EndpointStream_AVR8.o
                0x0000160a                Endpoint_Write_Control_PStream_LE
 .text.Endpoint_ConfigureEndpoint_Prv
                0x000016dc       0x70 ../../../LUFA/Drivers/USB/Core/AVR8/Endpoint_AVR8.o
                0x000016dc                Endpoint_ConfigureEndpoint_Prv
 .text.Endpoint_ConfigureEndpointTable
                0x0000174c       0x78 ../../../LUFA/Drivers/USB/Core/AVR8/Endpoint_AVR8.o
                0x0000174c                Endpoint_ConfigureEndpointTable
 .text.Endpoint_ClearStatusStage
                0x000017c4       0x3e ../../../LUFA/Drivers/USB/Core/AVR8/Endpoint_AVR8.o
                0x000017c4                Endpoint_ClearStatusStage
 .text.Endpoint_WaitUntilReady
                0x00001802       0x62 ../../../LUFA/Drivers/USB/Core/AVR8/Endpoint_AVR8.o
                0x00001802                Endpoint_WaitUntilReady
 .text.USB_ResetInterface
                0x00001864       0x86 ../../../LUFA/Drivers/USB/Core/AVR8/USBController_AVR8.o
                0x00001864                USB_ResetInterface
 .text.USB_Init
                0x000018ea       0x20 ../../../LUFA/Drivers/USB/Core/AVR8/USBController_AVR8.o
                0x000018ea                USB_Init
 .text.USB_INT_DisableAllInterrupts
                0x0000190a       0x10 ../../../LUFA/Drivers/USB/Core/AVR8/USBInterrupt_AVR8.o
                0x0000190a                USB_INT_DisableAllInterrupts
 .text.USB_INT_ClearAllInterrupts
                0x0000191a        0xa ../../../LUFA/Drivers/USB/Core/AVR8/USBInterrupt_AVR8.o
                0x0000191a                USB_INT_ClearAllInterrupts
 .text.__vector_11
                0x00001924       0x76 ../../../LUFA/Drivers/USB/Core/AVR8/USBInterrupt_AVR8.o
                0x00001924                __vector_11
 .text.__vector_10
                0x0000199a      0x190 ../../../LUFA/Drivers/USB/Core/AVR8/USBInterrupt_AVR8.o
                0x0000199a                __vector_10
 .text.USB_Device_ProcessControlRequest
                0x00001b2a      0x2d2 ../../../LUFA/Drivers/USB/Core/DeviceStandardReq.o
                0x00001b2a                USB_Device_ProcessControlRequest
 .text.USB_Event_Stub
                0x00001dfc        0x2 ../../../LUFA/Drivers/USB/Core/Events.o
                0x00001dfc                EVENT_USB_Device_WakeUp
                0x00001dfc                USB_Event_Stub
                0x00001dfc                EVENT_USB_Device_Suspend
                0x00001dfc                EVENT_USB_Device_StartOfFrame
                0x00001dfc                EVENT_USB_Device_Reset
 .text.USB_USBTask
                0x00001dfe       0x28 ../../../LUFA/Drivers/USB/Core/USBTask.o
                0x00001dfe                USB_USBTask
 .text.CDC_Device_ReceiveByte
                0x00001e26       0x76 ../../../LUFA/Drivers/USB/Class/Device/CDCClassDevice.o
                0x00001e26                CDC_Device_ReceiveByte
 .text.CDC_Device_Event_Stub
                0x00001e9c        0x2 ../../../LUFA/Drivers/USB/Class/Device/CDCClassDevice.o
                0x00001e9c                EVENT_CDC_Device_ControLineStateChanged
                0x00001e9c                EVENT_CDC_Device_BreakSent
                0x00001e9c                CDC_Device_Event_Stub
 .text.CDC_Device_Flush
                0x00001e9e       0x66 ../../../LUFA/Drivers/USB/Class/Device/CDCClassDevice.o
                0x00001e9e                CDC_Device_Flush
 .text.CDC_Device_USBTask
                0x00001f04       0x2e ../../../LUFA/Drivers/USB/Class/Device/CDCClassDevice.o
                0x00001f04                CDC_Device_USBTask
 .text.CDC_Device_SendByte
                0x00001f32       0x4a ../../../LUFA/Drivers/USB/Class/Device/CDCClassDevice.o
                0x00001f32                CDC_Device_SendByte
 .text.CDC_Device_ConfigureEndpoints
                0x00001f7c       0x4e ../../../LUFA/Drivers/USB/Class/Device/CDCClassDevice.o
                0x00001f7c                CDC_Device_ConfigureEndpoints
 .text.CDC_Device_ProcessControlRequest
                0x00001fca      0x15a ../../../LUFA/Drivers/USB/Class/Device/CDCClassDevice.o
                0x00001fca                CDC_Device_ProcessControlRequest
 .text.libgcc   0x00002124       0x28 c:/winavr-20100110/bin/../lib/gcc/avr/4.3.3/avr5\libgcc.a(_udivmodhi4.o)
                0x00002124                __udivmodhi4
 .text.libgcc   0x0000214c       0x44 c:/winavr-20100110/bin/../lib/gcc/avr/4.3.3/avr5\libgcc.a(_udivmodsi4.o)
                0x0000214c                __udivmodsi4
 .text.libgcc   0x00002190       0x36 c:/winavr-20100110/bin/../lib/gcc/avr/4.3.3/avr5\libgcc.a(_divmodsi4.o)
                0x00002190                __divmodsi4
 .text.avr-libc
                0x000021c6       0x3a c:/winavr-20100110/bin/../lib/gcc/avr/4.3.3/../../../../avr/lib/avr5\libc.a(atoi.o)
                0x000021c6                atoi
 .text.avr-libc
                0x00002200       0x26 c:/winavr-20100110/bin/../lib/gcc/avr/4.3.3/../../../../avr/lib/avr5\libc.a(strcasecmp_P.o)
                0x00002200                strcasecmp_P
 .text.avr-libc
                0x00002226       0x12 c:/winavr-20100110/bin/../lib/gcc/avr/4.3.3/../../../../avr/lib/avr5\libc.a(strlen_P.o)
                0x00002226                strlen_P
 .text.avr-libc
                0x00002238       0x1e c:/winavr-20100110/bin/../lib/gcc/avr/4.3.3/../../../../avr/lib/avr5\libc.a(strncpy_P.o)
                0x00002238                strncpy_P
 .text.avr-libc
                0x00002256        0x6 c:/winavr-20100110/bin/../lib/gcc/avr/4.3.3/../../../../avr/lib/avr5\libc.a(strtok.o)
                0x00002256                strtok
 .text.avr-libc
                0x0000225c       0x1e c:/winavr-20100110/bin/../lib/gcc/avr/4.3.3/../../../../avr/lib/avr5\libc.a(strncpy.o)
                0x0000225c                strncpy
 .text.avr-libc
                0x0000227a       0x4e c:/winavr-20100110/bin/../lib/gcc/avr/4.3.3/../../../../avr/lib/avr5\libc.a(strtok_r.o)
                0x0000227a                strtok_r
 .text.avr-libc
                0x000022c8       0x10 c:/winavr-20100110/bin/../lib/gcc/avr/4.3.3/../../../../avr/lib/avr5\libc.a(mul10.o)
                0x000022c8                __mulhi_const_10
                0x000022d8                . = ALIGN (0x2)
 *(.fini9)
 .fini9         0x000022d8        0x0 c:/winavr-20100110/bin/../lib/gcc/avr/4.3.3/avr5\libgcc.a(_exit.o)
                0x000022d8                exit
                0x000022d8                _exit
 *(.fini9)
 *(.fini8)
 *(.fini8)
 *(.fini7)
 *(.fini7)
 *(.fini6)
 *(.fini6)
 *(.fini5)
 *(.fini5)
 *(.fini4)
 *(.fini4)
 *(.fini3)
 *(.fini3)
 *(.fini2)
 *(.fini2)
 *(.fini1)
 *(.fini1)
 *(.fini0)
 .fini0         0x000022d8        0x4 c:/winavr-20100110/bin/../lib/gcc/avr/4.3.3/avr5\libgcc.a(_exit.o)
 *(.fini0)
                0x000022dc                _etext = .

.data           0x00800100       0x4a load address 0x000022dc
                0x00800100                PROVIDE (__data_start, .)
 *(.data)
 .data          0x00800100       0x2f USBTerminal.o
                0x0080010a                ToUSB_Buffer
                0x00800100                FromUSB_Buffer
                0x00800114                VirtualSerial_CDC_Interface
 .data          0x0080012f       0x17 Console.o
                0x00800142                commandBuffer
 .data          0x00800146        0x4 CommandProcessor.o
 *(.data*)
 *(.rodata)
 *(.rodata*)
 *(.gnu.linkonce.d*)
                0x0080014a                . = ALIGN (0x2)
                0x0080014a                _edata = .
                0x0080014a                PROVIDE (__data_end, .)

.bss            0x0080014a      0x12c
                0x0080014a                PROVIDE (__bss_start, .)
 *(.bss)
 .bss           0x0080014a       0xb7 USBTerminal.o
                0x0080014a                FromUSB_Buffer_buf
                0x0080016a                ToUSB_Buffer_buf
 .bss           0x00800201       0x2d Console.o
                0x00800201                commandBuffer_buf
 .bss           0x0080022e        0x9 SystemTime.o
 .bss           0x00800237       0x1b PowerMeter.o
 .bss           0x00800252        0x7 INA219.o
 .bss           0x00800259        0xf I2CAsync.o
 .bss           0x00800268        0x2 c:/winavr-20100110/bin/../lib/gcc/avr/4.3.3/../../../../avr/lib/avr5\libc.a(strtok.o)
 *(.bss*)
 *(COMMON)
 COMMON         0x0080026a        0x3 ../../../LUFA/Drivers/USB/Core/DeviceStandardReq.o
                0x0080026a                USB_Device_ConfigurationNumber
                0x0080026b                USB_Device_CurrentlySelfPowered
                0x0080026c                USB_Device_RemoteWakeupEnabled
 COMMON         0x0080026d        0x9 ../../../LUFA/Drivers/USB/Core/USBTask.o
                0x0080026d                USB_IsInitialized
                0x0080026e                USB_ControlRequest
                0x00800276                PROVIDE (__bss_end, .)
                0x000022dc                __data_load_start = LOADADDR (.data)
                0x00002326                __data_load_end = (__data_load_start + SIZEOF (.data))

.noinit         0x00800276        0x0
                0x00800276                PROVIDE (__noinit_start, .)
 *(.noinit*)
                0x00800276                PROVIDE (__noinit_end, .)
                0x00800276                _end = .
                0x00800276                PROVIDE (__heap_start, .)

.eeprom         0x00810000        0x0
 *(.eeprom*)
                0x00810000                __eeprom_end = .

.fuse
 *(.fuse)
 *(.lfuse)
 *(.hfuse)
 *(.efuse)

.lock
 *(.lock*)

.signature
 *(.signature*)

.stab
 *(.stab)

.stabstr
 *(.stabstr)

.stab.excl
 *(.stab.excl)

.stab.exclstr
 *(.stab.exclstr)

.stab.index
 *(.stab.index)

.stab.indexstr
 *(.stab.indexstr)

.comment
 *(.comment)

.debug
 *(.debug)

.line
 *(.line)

.debug_srcinfo
 *(.debug_srcinfo)

.debug_sfnames
 *(.debug_sfnames)

.debug_aranges  0x00000000      0x848
 *(.debug_aranges)
 .debug_aranges
                0x00000000       0x28 USBtoSerial.o
 .debug_aranges
                0x00000028       0x20 Descriptors.o
 .debug_aranges
                0x00000048       0x78 USBTerminal.o
 .debug_aranges
                0x000000c0       0x40 Console.o
 .debug_aranges
                0x00000100       0x20 CommandProcessor.o
 .debug_aranges
                0x00000120       0x70 SystemTime.o
 .debug_aranges
                0x00000190       0x58 PowerMeter.o
 .debug_aranges
                0x000001e8       0x48 INA219.o
 .debug_aranges
                0x00000230       0x68 I2CAsync.o
 .debug_aranges
                0x00000298       0x30 ByteQueue.o
 .debug_aranges
                0x000002c8       0x60 StringUtils.o
 .debug_aranges
                0x00000328       0x48 CharString.o
 .debug_aranges
                0x00000370       0x28 EEPROM.o
 .debug_aranges
                0x00000398       0x38 ../../../LUFA/Drivers/USB/Class/Common/HIDParser.o
 .debug_aranges
                0x000003d0       0x20 ../../../LUFA/Drivers/USB/Core/AVR8/Device_AVR8.o
 .debug_aranges
                0x000003f0       0xc8 ../../../LUFA/Drivers/USB/Core/AVR8/EndpointStream_AVR8.o
 .debug_aranges
                0x000004b8       0x40 ../../../LUFA/Drivers/USB/Core/AVR8/Endpoint_AVR8.o
 .debug_aranges
                0x000004f8       0x30 ../../../LUFA/Drivers/USB/Core/AVR8/USBController_AVR8.o
 .debug_aranges
                0x00000528       0x38 ../../../LUFA/Drivers/USB/Core/AVR8/USBInterrupt_AVR8.o
 .debug_aranges
                0x00000560       0x38 ../../../LUFA/Drivers/USB/Core/ConfigDescriptors.o
 .debug_aranges
                0x00000598       0x20 ../../../LUFA/Drivers/USB/Core/DeviceStandardReq.o
 .debug_aranges
                0x000005b8       0x20 ../../../LUFA/Drivers/USB/Core/Events.o
 .debug_aranges
                0x000005d8       0x20 ../../../LUFA/Drivers/USB/Core/USBTask.o
 .debug_aranges
                0x000005f8       0x30 ../../../LUFA/Drivers/USB/Class/Device/AudioClassDevice.o
 .debug_aranges
                0x00000628       0xa8 ../../../LUFA/Drivers/USB/Class/Device/CDCClassDevice.o
 .debug_aranges
                0x000006d0       0x30 ../../../LUFA/Drivers/USB/Class/Device/HIDClassDevice.o
 .debug_aranges
                0x00000700       0x30 ../../../LUFA/Drivers/USB/Class/Device/MassStorageClassDevice.o
 .debug_aranges
                0x00000730       0x40 ../../../LUFA/Drivers/USB/Class/Device/MIDIClassDevice.o
 .debug_aranges
                0x00000770       0x90 ../../../LUFA/Drivers/USB/Class/Device/PrinterClassDevice.o
 .debug_aranges
                0x00000800       0x48 ../../../LUFA/Drivers/USB/Class/Device/RNDISClassDevice.o

.debug_pubnames
                0x00000000     0x1563
 *(.debug_pubnames)
 .debug_pubnames
                0x00000000       0x2a USBtoSerial.o
 .debug_pubnames
                0x0000002a       0x9e Descriptors.o
 .debug_pubnames
                0x000000c8      0x20c USBTerminal.o
 .debug_pubnames
                0x000002d4       0x9b Console.o
 .debug_pubnames
                0x0000036f       0x36 CommandProcessor.o
 .debug_pubnames
                0x000003a5      0x142 SystemTime.o
 .debug_pubnames
                0x000004e7       0x8e PowerMeter.o
 .debug_pubnames
                0x00000575       0x9b INA219.o
 .debug_pubnames
                0x00000610       0x6a I2CAsync.o
 .debug_pubnames
                0x0000067a       0x4b ByteQueue.o
 .debug_pubnames
                0x000006c5      0x128 StringUtils.o
 .debug_pubnames
                0x000007ed       0xa3 CharString.o
 .debug_pubnames
                0x00000890       0x33 EEPROM.o
 .debug_pubnames
                0x000008c3       0x7e ../../../LUFA/Drivers/USB/Class/Common/HIDParser.o
 .debug_pubnames
                0x00000941       0x32 ../../../LUFA/Drivers/USB/Core/AVR8/Device_AVR8.o
 .debug_pubnames
                0x00000973      0x2df ../../../LUFA/Drivers/USB/Core/AVR8/EndpointStream_AVR8.o
 .debug_pubnames
                0x00000c52       0xaf ../../../LUFA/Drivers/USB/Core/AVR8/Endpoint_AVR8.o
 .debug_pubnames
                0x00000d01       0x46 ../../../LUFA/Drivers/USB/Core/AVR8/USBController_AVR8.o
 .debug_pubnames
                0x00000d47       0x72 ../../../LUFA/Drivers/USB/Core/AVR8/USBInterrupt_AVR8.o
 .debug_pubnames
                0x00000db9       0x9b ../../../LUFA/Drivers/USB/Core/ConfigDescriptors.o
 .debug_pubnames
                0x00000e54       0xa1 ../../../LUFA/Drivers/USB/Core/DeviceStandardReq.o
 .debug_pubnames
                0x00000ef5       0x25 ../../../LUFA/Drivers/USB/Core/Events.o
 .debug_pubnames
                0x00000f1a       0x4f ../../../LUFA/Drivers/USB/Core/USBTask.o
 .debug_pubnames
                0x00000f69       0x79 ../../../LUFA/Drivers/USB/Class/Device/AudioClassDevice.o
 .debug_pubnames
                0x00000fe2      0x1c1 ../../../LUFA/Drivers/USB/Class/Device/CDCClassDevice.o
 .debug_pubnames
                0x000011a3       0x70 ../../../LUFA/Drivers/USB/Class/Device/HIDClassDevice.o
 .debug_pubnames
                0x00001213       0x6d ../../../LUFA/Drivers/USB/Class/Device/MassStorageClassDevice.o
 .debug_pubnames
                0x00001280       0xa6 ../../../LUFA/Drivers/USB/Class/Device/MIDIClassDevice.o
 .debug_pubnames
                0x00001326      0x16d ../../../LUFA/Drivers/USB/Class/Device/PrinterClassDevice.o
 .debug_pubnames
                0x00001493       0xd0 ../../../LUFA/Drivers/USB/Class/Device/RNDISClassDevice.o

.debug_info     0x00000000     0xb6b7
 *(.debug_info)
 .debug_info    0x00000000       0xa2 USBtoSerial.o
 .debug_info    0x000000a2      0x69e Descriptors.o
 .debug_info    0x00000740      0x75f USBTerminal.o
 .debug_info    0x00000e9f      0x430 Console.o
 .debug_info    0x000012cf      0x35f CommandProcessor.o
 .debug_info    0x0000162e      0x383 SystemTime.o
 .debug_info    0x000019b1      0x5ef PowerMeter.o
 .debug_info    0x00001fa0      0x620 INA219.o
 .debug_info    0x000025c0      0x423 I2CAsync.o
 .debug_info    0x000029e3      0x1c6 ByteQueue.o
 .debug_info    0x00002ba9      0x6aa StringUtils.o
 .debug_info    0x00003253      0x2f2 CharString.o
 .debug_info    0x00003545       0xd7 EEPROM.o
 .debug_info    0x0000361c      0x6ee ../../../LUFA/Drivers/USB/Class/Common/HIDParser.o
 .debug_info    0x00003d0a       0xc4 ../../../LUFA/Drivers/USB/Core/AVR8/Device_AVR8.o
 .debug_info    0x00003dce     0x15c2 ../../../LUFA/Drivers/USB/Core/AVR8/EndpointStream_AVR8.o
 .debug_info    0x00005390      0x5e0 ../../../LUFA/Drivers/USB/Core/AVR8/Endpoint_AVR8.o
 .debug_info    0x00005970       0x61 ../../../LUFA/Drivers/USB/Core/AVR8/Host_AVR8.o
 .debug_info    0x000059d1       0x61 ../../../LUFA/Drivers/USB/Core/AVR8/PipeStream_AVR8.o
 .debug_info    0x00005a32       0x61 ../../../LUFA/Drivers/USB/Core/AVR8/Pipe_AVR8.o
 .debug_info    0x00005a93      0x498 ../../../LUFA/Drivers/USB/Core/AVR8/USBController_AVR8.o
 .debug_info    0x00005f2b      0x695 ../../../LUFA/Drivers/USB/Core/AVR8/USBInterrupt_AVR8.o
 .debug_info    0x000065c0      0x34e ../../../LUFA/Drivers/USB/Core/ConfigDescriptors.o
 .debug_info    0x0000690e      0x99f ../../../LUFA/Drivers/USB/Core/DeviceStandardReq.o
 .debug_info    0x000072ad       0x79 ../../../LUFA/Drivers/USB/Core/Events.o
 .debug_info    0x00007326       0x61 ../../../LUFA/Drivers/USB/Core/HostStandardReq.o
 .debug_info    0x00007387      0x252 ../../../LUFA/Drivers/USB/Core/USBTask.o
 .debug_info    0x000075d9      0x54c ../../../LUFA/Drivers/USB/Class/Device/AudioClassDevice.o
 .debug_info    0x00007b25      0xc94 ../../../LUFA/Drivers/USB/Class/Device/CDCClassDevice.o
 .debug_info    0x000087b9      0x61b ../../../LUFA/Drivers/USB/Class/Device/HIDClassDevice.o
 .debug_info    0x00008dd4      0x7b8 ../../../LUFA/Drivers/USB/Class/Device/MassStorageClassDevice.o
 .debug_info    0x0000958c      0x4bd ../../../LUFA/Drivers/USB/Class/Device/MIDIClassDevice.o
 .debug_info    0x00009a49      0xaba ../../../LUFA/Drivers/USB/Class/Device/PrinterClassDevice.o
 .debug_info    0x0000a503      0xe4b ../../../LUFA/Drivers/USB/Class/Device/RNDISClassDevice.o
 .debug_info    0x0000b34e       0x61 ../../../LUFA/Drivers/USB/Class/Host/AndroidAccessoryClassHost.o
 .debug_info    0x0000b3af       0x61 ../../../LUFA/Drivers/USB/Class/Host/AudioClassHost.o
 .debug_info    0x0000b410       0x61 ../../../LUFA/Drivers/USB/Class/Host/CDCClassHost.o
 .debug_info    0x0000b471       0x61 ../../../LUFA/Drivers/USB/Class/Host/HIDClassHost.o
 .debug_info    0x0000b4d2       0x61 ../../../LUFA/Drivers/USB/Class/Host/MassStorageClassHost.o
 .debug_info    0x0000b533       0x61 ../../../LUFA/Drivers/USB/Class/Host/MIDIClassHost.o
 .debug_info    0x0000b594       0x61 ../../../LUFA/Drivers/USB/Class/Host/PrinterClassHost.o
 .debug_info    0x0000b5f5       0x61 ../../../LUFA/Drivers/USB/Class/Host/RNDISClassHost.o
 .debug_info    0x0000b656       0x61 ../../../LUFA/Drivers/USB/Class/Host/StillImageClassHost.o
 *(.gnu.linkonce.wi.*)

.debug_abbrev   0x00000000     0x304d
 *(.debug_abbrev)
 .debug_abbrev  0x00000000       0x61 USBtoSerial.o
 .debug_abbrev  0x00000061      0x13c Descriptors.o
 .debug_abbrev  0x0000019d      0x225 USBTerminal.o
 .debug_abbrev  0x000003c2      0x1c5 Console.o
 .debug_abbrev  0x00000587       0xf6 CommandProcessor.o
 .debug_abbrev  0x0000067d      0x144 SystemTime.o
 .debug_abbrev  0x000007c1      0x145 PowerMeter.o
 .debug_abbrev  0x00000906      0x1a3 INA219.o
 .debug_abbrev  0x00000aa9      0x154 I2CAsync.o
 .debug_abbrev  0x00000bfd       0xe8 ByteQueue.o
 .debug_abbrev  0x00000ce5      0x1ba StringUtils.o
 .debug_abbrev  0x00000e9f      0x10d CharString.o
 .debug_abbrev  0x00000fac       0x8c EEPROM.o
 .debug_abbrev  0x00001038      0x201 ../../../LUFA/Drivers/USB/Class/Common/HIDParser.o
 .debug_abbrev  0x00001239       0x79 ../../../LUFA/Drivers/USB/Core/AVR8/Device_AVR8.o
 .debug_abbrev  0x000012b2      0x1b4 ../../../LUFA/Drivers/USB/Core/AVR8/EndpointStream_AVR8.o
 .debug_abbrev  0x00001466      0x1f4 ../../../LUFA/Drivers/USB/Core/AVR8/Endpoint_AVR8.o
 .debug_abbrev  0x0000165a       0x33 ../../../LUFA/Drivers/USB/Core/AVR8/Host_AVR8.o
 .debug_abbrev  0x0000168d       0x33 ../../../LUFA/Drivers/USB/Core/AVR8/PipeStream_AVR8.o
 .debug_abbrev  0x000016c0       0x33 ../../../LUFA/Drivers/USB/Core/AVR8/Pipe_AVR8.o
 .debug_abbrev  0x000016f3      0x134 ../../../LUFA/Drivers/USB/Core/AVR8/USBController_AVR8.o
 .debug_abbrev  0x00001827      0x1e1 ../../../LUFA/Drivers/USB/Core/AVR8/USBInterrupt_AVR8.o
 .debug_abbrev  0x00001a08      0x15c ../../../LUFA/Drivers/USB/Core/ConfigDescriptors.o
 .debug_abbrev  0x00001b64      0x24f ../../../LUFA/Drivers/USB/Core/DeviceStandardReq.o
 .debug_abbrev  0x00001db3       0x4a ../../../LUFA/Drivers/USB/Core/Events.o
 .debug_abbrev  0x00001dfd       0x33 ../../../LUFA/Drivers/USB/Core/HostStandardReq.o
 .debug_abbrev  0x00001e30      0x174 ../../../LUFA/Drivers/USB/Core/USBTask.o
 .debug_abbrev  0x00001fa4      0x169 ../../../LUFA/Drivers/USB/Class/Device/AudioClassDevice.o
 .debug_abbrev  0x0000210d      0x319 ../../../LUFA/Drivers/USB/Class/Device/CDCClassDevice.o
 .debug_abbrev  0x00002426      0x1b1 ../../../LUFA/Drivers/USB/Class/Device/HIDClassDevice.o
 .debug_abbrev  0x000025d7      0x20f ../../../LUFA/Drivers/USB/Class/Device/MassStorageClassDevice.o
 .debug_abbrev  0x000027e6      0x18a ../../../LUFA/Drivers/USB/Class/Device/MIDIClassDevice.o
 .debug_abbrev  0x00002970      0x262 ../../../LUFA/Drivers/USB/Class/Device/PrinterClassDevice.o
 .debug_abbrev  0x00002bd2      0x2b0 ../../../LUFA/Drivers/USB/Class/Device/RNDISClassDevice.o
 .debug_abbrev  0x00002e82       0x33 ../../../LUFA/Drivers/USB/Class/Host/AndroidAccessoryClassHost.o
 .debug_abbrev  0x00002eb5       0x33 ../../../LUFA/Drivers/USB/Class/Host/AudioClassHost.o
 .debug_abbrev  0x00002ee8       0x33 ../../../LUFA/Drivers/USB/Class/Host/CDCClassHost.o
 .debug_abbrev  0x00002f1b       0x33 ../../../LUFA/Drivers/USB/Class/Host/HIDClassHost.o
 .debug_abbrev  0x00002f4e       0x33 ../../../LUFA/Drivers/USB/Class/Host/MassStorageClassHost.o
 .debug_abbrev  0x00002f81       0x33 ../../../LUFA/Drivers/USB/Class/Host/MIDIClassHost.o
 .debug_abbrev  0x00002fb4       0x33 ../../../LUFA/Drivers/USB/Class/Host/PrinterClassHost.o
 .debug_abbrev  0x00002fe7       0x33 ../../../LUFA/Drivers/USB/Class/Host/RNDISClassHost.o
 .debug_abbrev  0x0000301a       0x33 ../../../LUFA/Drivers/USB/Class/Host/StillImageClassHost.o

.debug_line     0x00000000     0x899b
 *(.debug_line)
 .debug_line    0x00000000       0xe3 USBtoSerial.o
 .debug_line    0x000000e3      0x1b3 Descriptors.o
 .debug_line    0x00000296      0x4f1 USBTerminal.o
 .debug_line    0x00000787      0x26e Console.o
 .debug_line    0x000009f5      0x1df CommandProcessor.o
 .debug_line    0x00000bd4      0x2fd SystemTime.o
 .debug_line    0x00000ed1      0x3c9 PowerMeter.o
 .debug_line    0x0000129a      0x22a INA219.o
 .debug_line    0x000014c4      0x40a I2CAsync.o
 .debug_line    0x000018ce      0x1a3 ByteQueue.o
 .debug_line    0x00001a71      0x470 StringUtils.o
 .debug_line    0x00001ee1      0x216 CharString.o
 .debug_line    0x000020f7       0xff EEPROM.o
 .debug_line    0x000021f6      0x59d ../../../LUFA/Drivers/USB/Class/Common/HIDParser.o
 .debug_line    0x00002793      0x12d ../../../LUFA/Drivers/USB/Core/AVR8/Device_AVR8.o
 .debug_line    0x000028c0     0x17fc ../../../LUFA/Drivers/USB/Core/AVR8/EndpointStream_AVR8.o
 .debug_line    0x000040bc      0x4f2 ../../../LUFA/Drivers/USB/Core/AVR8/Endpoint_AVR8.o
 .debug_line    0x000045ae       0x3e ../../../LUFA/Drivers/USB/Core/AVR8/Host_AVR8.o
 .debug_line    0x000045ec       0x3e ../../../LUFA/Drivers/USB/Core/AVR8/PipeStream_AVR8.o
 .debug_line    0x0000462a       0x3e ../../../LUFA/Drivers/USB/Core/AVR8/Pipe_AVR8.o
 .debug_line    0x00004668      0x3a1 ../../../LUFA/Drivers/USB/Core/AVR8/USBController_AVR8.o
 .debug_line    0x00004a09      0x622 ../../../LUFA/Drivers/USB/Core/AVR8/USBInterrupt_AVR8.o
 .debug_line    0x0000502b      0x246 ../../../LUFA/Drivers/USB/Core/ConfigDescriptors.o
 .debug_line    0x00005271      0x578 ../../../LUFA/Drivers/USB/Core/DeviceStandardReq.o
 .debug_line    0x000057e9       0x83 ../../../LUFA/Drivers/USB/Core/Events.o
 .debug_line    0x0000586c       0x3e ../../../LUFA/Drivers/USB/Core/HostStandardReq.o
 .debug_line    0x000058aa      0x1b0 ../../../LUFA/Drivers/USB/Core/USBTask.o
 .debug_line    0x00005a5a      0x4ef ../../../LUFA/Drivers/USB/Class/Device/AudioClassDevice.o
 .debug_line    0x00005f49      0x991 ../../../LUFA/Drivers/USB/Class/Device/CDCClassDevice.o
 .debug_line    0x000068da      0x5ab ../../../LUFA/Drivers/USB/Class/Device/HIDClassDevice.o
 .debug_line    0x00006e85      0x5ab ../../../LUFA/Drivers/USB/Class/Device/MassStorageClassDevice.o
 .debug_line    0x00007430      0x3ab ../../../LUFA/Drivers/USB/Class/Device/MIDIClassDevice.o
 .debug_line    0x000077db      0x826 ../../../LUFA/Drivers/USB/Class/Device/PrinterClassDevice.o
 .debug_line    0x00008001      0x76c ../../../LUFA/Drivers/USB/Class/Device/RNDISClassDevice.o
 .debug_line    0x0000876d       0x3e ../../../LUFA/Drivers/USB/Class/Host/AndroidAccessoryClassHost.o
 .debug_line    0x000087ab       0x3e ../../../LUFA/Drivers/USB/Class/Host/AudioClassHost.o
 .debug_line    0x000087e9       0x3e ../../../LUFA/Drivers/USB/Class/Host/CDCClassHost.o
 .debug_line    0x00008827       0x3e ../../../LUFA/Drivers/USB/Class/Host/HIDClassHost.o
 .debug_line    0x00008865       0x3e ../../../LUFA/Drivers/USB/Class/Host/MassStorageClassHost.o
 .debug_line    0x000088a3       0x3e ../../../LUFA/Drivers/USB/Class/Host/MIDIClassHost.o
 .debug_line    0x000088e1       0x3e ../../../LUFA/Drivers/USB/Class/Host/PrinterClassHost.o
 .debug_line    0x0000891f       0x3e ../../../LUFA/Drivers/USB/Class/Host/RNDISClassHost.o
 .debug_line    0x0000895d       0x3e ../../../LUFA/Drivers/USB/Class/Host/StillImageClassHost.o

.debug_frame    0x00000000      0xcd0
 *(.debug_frame)
 .debug_frame   0x00000000       0x30 USBtoSerial.o
 .debug_frame   0x00000030       0x20 Descriptors.o
 .debug_frame   0x00000050       0xd0 USBTerminal.o
 .debug_frame   0x00000120       0x60 Console.o
 .debug_frame   0x00000180       0x20 CommandProcessor.o
 .debug_frame   0x000001a0       0xc0 SystemTime.o
 .debug_frame   0x00000260       0x90 PowerMeter.o
 .debug_frame   0x000002f0       0x70 INA219.o
 .debug_frame   0x00000360       0xb0 I2CAsync.o
 .debug_frame   0x00000410       0x40 ByteQueue.o
 .debug_frame   0x00000450       0xa0 StringUtils.o
 .debug_frame   0x000004f0       0x70 CharString.o
 .debug_frame   0x00000560       0x30 EEPROM.o
 .debug_frame   0x00000590       0x50 ../../../LUFA/Drivers/USB/Class/Common/HIDParser.o
 .debug_frame   0x000005e0       0x20 ../../../LUFA/Drivers/USB/Core/AVR8/Device_AVR8.o
 .debug_frame   0x00000600      0x170 ../../../LUFA/Drivers/USB/Core/AVR8/EndpointStream_AVR8.o
 .debug_frame   0x00000770       0x60 ../../../LUFA/Drivers/USB/Core/AVR8/Endpoint_AVR8.o
 .debug_frame   0x000007d0       0x40 ../../../LUFA/Drivers/USB/Core/AVR8/USBController_AVR8.o
 .debug_frame   0x00000810       0x50 ../../../LUFA/Drivers/USB/Core/AVR8/USBInterrupt_AVR8.o
 .debug_frame   0x00000860       0x50 ../../../LUFA/Drivers/USB/Core/ConfigDescriptors.o
 .debug_frame   0x000008b0       0x20 ../../../LUFA/Drivers/USB/Core/DeviceStandardReq.o
 .debug_frame   0x000008d0       0x20 ../../../LUFA/Drivers/USB/Core/Events.o
 .debug_frame   0x000008f0       0x20 ../../../LUFA/Drivers/USB/Core/USBTask.o
 .debug_frame   0x00000910       0x40 ../../../LUFA/Drivers/USB/Class/Device/AudioClassDevice.o
 .debug_frame   0x00000950      0x130 ../../../LUFA/Drivers/USB/Class/Device/CDCClassDevice.o
 .debug_frame   0x00000a80       0x40 ../../../LUFA/Drivers/USB/Class/Device/HIDClassDevice.o
 .debug_frame   0x00000ac0       0x40 ../../../LUFA/Drivers/USB/Class/Device/MassStorageClassDevice.o
 .debug_frame   0x00000b00       0x60 ../../../LUFA/Drivers/USB/Class/Device/MIDIClassDevice.o
 .debug_frame   0x00000b60      0x100 ../../../LUFA/Drivers/USB/Class/Device/PrinterClassDevice.o
 .debug_frame   0x00000c60       0x70 ../../../LUFA/Drivers/USB/Class/Device/RNDISClassDevice.o

.debug_str      0x00000000     0x499d
 *(.debug_str)
 .debug_str     0x00000000       0xa5 USBtoSerial.o
                                 0xe9 (size before relaxing)
 .debug_str     0x000000a5      0x599 Descriptors.o
                                0x6c9 (size before relaxing)
 .debug_str     0x0000063e      0x458 USBTerminal.o
                                0x5a0 (size before relaxing)
 .debug_str     0x00000a96      0x167 Console.o
                                0x2b6 (size before relaxing)
 .debug_str     0x00000bfd       0xac CommandProcessor.o
                                0x1b3 (size before relaxing)
 .debug_str     0x00000ca9      0x1be SystemTime.o
                                0x30b (size before relaxing)
 .debug_str     0x00000e67      0x56d PowerMeter.o
                                0x696 (size before relaxing)
 .debug_str     0x000013d4      0x1da INA219.o
                                0x64f (size before relaxing)
 .debug_str     0x000015ae      0x23f I2CAsync.o
                                0x453 (size before relaxing)
 .debug_str     0x000017ed       0x4e ByteQueue.o
                                0x16e (size before relaxing)
 .debug_str     0x0000183b      0x22b StringUtils.o
                                0x38f (size before relaxing)
 .debug_str     0x00001a66       0xc0 CharString.o
                                0x1ea (size before relaxing)
 .debug_str     0x00001b26       0x29 EEPROM.o
                                 0xfb (size before relaxing)
 .debug_str     0x00001b4f      0x484 ../../../LUFA/Drivers/USB/Class/Common/HIDParser.o
                                0x5e5 (size before relaxing)
 .debug_str     0x00001fd3       0x7a ../../../LUFA/Drivers/USB/Core/AVR8/Device_AVR8.o
                                0x140 (size before relaxing)
 .debug_str     0x0000204d      0x631 ../../../LUFA/Drivers/USB/Core/AVR8/EndpointStream_AVR8.o
                                0x75e (size before relaxing)
 .debug_str     0x0000267e      0x215 ../../../LUFA/Drivers/USB/Core/AVR8/Endpoint_AVR8.o
                                0x55a (size before relaxing)
 .debug_str     0x00002893       0x30 ../../../LUFA/Drivers/USB/Core/AVR8/Host_AVR8.o
                                 0xf0 (size before relaxing)
 .debug_str     0x000028c3       0x36 ../../../LUFA/Drivers/USB/Core/AVR8/PipeStream_AVR8.o
                                 0xf6 (size before relaxing)
 .debug_str     0x000028f9       0x30 ../../../LUFA/Drivers/USB/Core/AVR8/Pipe_AVR8.o
                                 0xf0 (size before relaxing)
 .debug_str     0x00002929      0x250 ../../../LUFA/Drivers/USB/Core/AVR8/USBController_AVR8.o
                                0x442 (size before relaxing)
 .debug_str     0x00002b79      0x13f ../../../LUFA/Drivers/USB/Core/AVR8/USBInterrupt_AVR8.o
                                0x43d (size before relaxing)
 .debug_str     0x00002cb8      0x220 ../../../LUFA/Drivers/USB/Core/ConfigDescriptors.o
                                0x30e (size before relaxing)
 .debug_str     0x00002ed8      0x405 ../../../LUFA/Drivers/USB/Core/DeviceStandardReq.o
                                0x82e (size before relaxing)
 .debug_str     0x000032dd       0x37 ../../../LUFA/Drivers/USB/Core/Events.o
                                 0xf7 (size before relaxing)
 .debug_str     0x00003314       0x31 ../../../LUFA/Drivers/USB/Core/HostStandardReq.o
                                 0xf1 (size before relaxing)
 .debug_str     0x00003345       0x51 ../../../LUFA/Drivers/USB/Core/USBTask.o
                                0x29e (size before relaxing)
 .debug_str     0x00003396      0x23c ../../../LUFA/Drivers/USB/Class/Device/AudioClassDevice.o
                                0x51e (size before relaxing)
 .debug_str     0x000035d2      0x31e ../../../LUFA/Drivers/USB/Class/Device/CDCClassDevice.o
                                0x900 (size before relaxing)
 .debug_str     0x000038f0      0x1f0 ../../../LUFA/Drivers/USB/Class/Device/HIDClassDevice.o
                                0x54d (size before relaxing)
 .debug_str     0x00003ae0      0x240 ../../../LUFA/Drivers/USB/Class/Device/MassStorageClassDevice.o
                                0x6ae (size before relaxing)
 .debug_str     0x00003d20      0x11b ../../../LUFA/Drivers/USB/Class/Device/MIDIClassDevice.o
                                0x54c (size before relaxing)
 .debug_str     0x00003e3b      0x26f ../../../LUFA/Drivers/USB/Class/Device/PrinterClassDevice.o
                                0x7e6 (size before relaxing)
 .debug_str     0x000040aa      0x6fa ../../../LUFA/Drivers/USB/Class/Device/RNDISClassDevice.o
                                0xbf5 (size before relaxing)
 .debug_str     0x000047a4       0x41 ../../../LUFA/Drivers/USB/Class/Host/AndroidAccessoryClassHost.o
                                0x101 (size before relaxing)
 .debug_str     0x000047e5       0x36 ../../../LUFA/Drivers/USB/Class/Host/AudioClassHost.o
                                 0xf6 (size before relaxing)
 .debug_str     0x0000481b       0x34 ../../../LUFA/Drivers/USB/Class/Host/CDCClassHost.o
                                 0xf4 (size before relaxing)
 .debug_str     0x0000484f       0x34 ../../../LUFA/Drivers/USB/Class/Host/HIDClassHost.o
                                 0xf4 (size before relaxing)
 .debug_str     0x00004883       0x3c ../../../LUFA/Drivers/USB/Class/Host/MassStorageClassHost.o
                                 0xfc (size before relaxing)
 .debug_str     0x000048bf       0x35 ../../../LUFA/Drivers/USB/Class/Host/MIDIClassHost.o
                                 0xf5 (size before relaxing)
 .debug_str     0x000048f4       0x38 ../../../LUFA/Drivers/USB/Class/Host/PrinterClassHost.o
                                 0xf8 (size before relaxing)
 .debug_str     0x0000492c       0x36 ../../../LUFA/Drivers/USB/Class/Host/RNDISClassHost.o
                                 0xf6 (size before relaxing)
 .debug_str     0x00004962       0x3b ../../../LUFA/Drivers/USB/Class/Host/StillImageClassHost.o
                                 0xfb (size before relaxing)

.debug_loc      0x00000000     0x4dea
 *(.debug_loc)
 .debug_loc     0x00000000      0x160 Descriptors.o
 .debug_loc     0x00000160      0x1fb USBTerminal.o
 .debug_loc     0x0000035b       0xb4 Console.o
 .debug_loc     0x0000040f       0xfe CommandProcessor.o
 .debug_loc     0x0000050d      0x143 SystemTime.o
 .debug_loc     0x00000650       0x75 PowerMeter.o
 .debug_loc     0x000006c5      0x25c INA219.o
 .debug_loc     0x00000921      0x20c I2CAsync.o
 .debug_loc     0x00000b2d       0xd2 ByteQueue.o
 .debug_loc     0x00000bff      0x8ec StringUtils.o
 .debug_loc     0x000014eb      0x1ca CharString.o
 .debug_loc     0x000016b5       0x18 EEPROM.o
 .debug_loc     0x000016cd      0x584 ../../../LUFA/Drivers/USB/Class/Common/HIDParser.o
 .debug_loc     0x00001c51     0x1886 ../../../LUFA/Drivers/USB/Core/AVR8/EndpointStream_AVR8.o
 .debug_loc     0x000034d7      0x11c ../../../LUFA/Drivers/USB/Core/AVR8/Endpoint_AVR8.o
 .debug_loc     0x000035f3      0x2c7 ../../../LUFA/Drivers/USB/Core/ConfigDescriptors.o
 .debug_loc     0x000038ba      0x21e ../../../LUFA/Drivers/USB/Core/DeviceStandardReq.o
 .debug_loc     0x00003ad8      0x25d ../../../LUFA/Drivers/USB/Class/Device/AudioClassDevice.o
 .debug_loc     0x00003d35      0x524 ../../../LUFA/Drivers/USB/Class/Device/CDCClassDevice.o
 .debug_loc     0x00004259      0x141 ../../../LUFA/Drivers/USB/Class/Device/HIDClassDevice.o
 .debug_loc     0x0000439a       0x96 ../../../LUFA/Drivers/USB/Class/Device/MassStorageClassDevice.o
 .debug_loc     0x00004430      0x19a ../../../LUFA/Drivers/USB/Class/Device/MIDIClassDevice.o
 .debug_loc     0x000045ca      0x3bc ../../../LUFA/Drivers/USB/Class/Device/PrinterClassDevice.o
 .debug_loc     0x00004986      0x464 ../../../LUFA/Drivers/USB/Class/Device/RNDISClassDevice.o

.debug_macinfo
 *(.debug_macinfo)
OUTPUT(USBtoSerial.elf elf32-avr)
LOAD linker stubs

.debug_ranges   0x00000000      0x8d8
 .debug_ranges  0x00000000       0x20 USBtoSerial.o
 .debug_ranges  0x00000020       0x18 Descriptors.o
 .debug_ranges  0x00000038       0x70 USBTerminal.o
 .debug_ranges  0x000000a8       0x38 Console.o
 .debug_ranges  0x000000e0       0x18 CommandProcessor.o
 .debug_ranges  0x000000f8       0x68 SystemTime.o
 .debug_ranges  0x00000160       0x50 PowerMeter.o
 .debug_ranges  0x000001b0       0x40 INA219.o
 .debug_ranges  0x000001f0       0x60 I2CAsync.o
 .debug_ranges  0x00000250       0x28 ByteQueue.o
 .debug_ranges  0x00000278       0x58 StringUtils.o
 .debug_ranges  0x000002d0       0x40 CharString.o
 .debug_ranges  0x00000310       0x20 EEPROM.o
 .debug_ranges  0x00000330       0xa0 ../../../LUFA/Drivers/USB/Class/Common/HIDParser.o
 .debug_ranges  0x000003d0       0x18 ../../../LUFA/Drivers/USB/Core/AVR8/Device_AVR8.o
 .debug_ranges  0x000003e8       0xc0 ../../../LUFA/Drivers/USB/Core/AVR8/EndpointStream_AVR8.o
 .debug_ranges  0x000004a8       0x50 ../../../LUFA/Drivers/USB/Core/AVR8/Endpoint_AVR8.o
 .debug_ranges  0x000004f8       0x28 ../../../LUFA/Drivers/USB/Core/AVR8/USBController_AVR8.o
 .debug_ranges  0x00000520       0x30 ../../../LUFA/Drivers/USB/Core/AVR8/USBInterrupt_AVR8.o
 .debug_ranges  0x00000550       0x30 ../../../LUFA/Drivers/USB/Core/ConfigDescriptors.o
 .debug_ranges  0x00000580       0x78 ../../../LUFA/Drivers/USB/Core/DeviceStandardReq.o
 .debug_ranges  0x000005f8       0x18 ../../../LUFA/Drivers/USB/Core/Events.o
 .debug_ranges  0x00000610       0x18 ../../../LUFA/Drivers/USB/Core/USBTask.o
 .debug_ranges  0x00000628       0x28 ../../../LUFA/Drivers/USB/Class/Device/AudioClassDevice.o
 .debug_ranges  0x00000650       0xa0 ../../../LUFA/Drivers/USB/Class/Device/CDCClassDevice.o
 .debug_ranges  0x000006f0       0x28 ../../../LUFA/Drivers/USB/Class/Device/HIDClassDevice.o
 .debug_ranges  0x00000718       0x78 ../../../LUFA/Drivers/USB/Class/Device/MassStorageClassDevice.o
 .debug_ranges  0x00000790       0x38 ../../../LUFA/Drivers/USB/Class/Device/MIDIClassDevice.o
 .debug_ranges  0x000007c8       0x88 ../../../LUFA/Drivers/USB/Class/Device/PrinterClassDevice.o
 .debug_ranges  0x00000850       0x88 ../../../LUFA/Drivers/USB/Class/Device/RNDISClassDevice.o

Cross Reference Table

Symbol                                            File
Audio_Device_ConfigureEndpoints                   ../../../LUFA/Drivers/USB/Class/Device/AudioClassDevice.o
Audio_Device_Event_Stub                           ../../../LUFA/Drivers/USB/Class/Device/AudioClassDevice.o
Audio_Device_ProcessControlRequest                ../../../LUFA/Drivers/USB/Class/Device/AudioClassDevice.o
ByteQueue_clear                                   ByteQueue.o
                                                  USBTerminal.o
ByteQueue_pop                                     ByteQueue.o
                                                  Console.o
                                                  USBTerminal.o
ByteQueue_push                                    ByteQueue.o
                                                  USBTerminal.o
CALLBACK_Audio_Device_GetSetEndpointProperty      ../../../LUFA/Drivers/USB/Class/Device/AudioClassDevice.o
CALLBACK_Audio_Device_GetSetInterfaceProperty     ../../../LUFA/Drivers/USB/Class/Device/AudioClassDevice.o
CALLBACK_HIDParser_FilterHIDReportItem            ../../../LUFA/Drivers/USB/Class/Common/HIDParser.o
CALLBACK_HID_Device_CreateHIDReport               ../../../LUFA/Drivers/USB/Class/Device/HIDClassDevice.o
CALLBACK_HID_Device_ProcessHIDReport              ../../../LUFA/Drivers/USB/Class/Device/HIDClassDevice.o
CALLBACK_MS_Device_SCSICommandReceived            ../../../LUFA/Drivers/USB/Class/Device/MassStorageClassDevice.o
CALLBACK_USB_GetDescriptor                        Descriptors.o
                                                  ../../../LUFA/Drivers/USB/Core/DeviceStandardReq.o
CDC_Device_BytesReceived                          ../../../LUFA/Drivers/USB/Class/Device/CDCClassDevice.o
CDC_Device_ConfigureEndpoints                     ../../../LUFA/Drivers/USB/Class/Device/CDCClassDevice.o
                                                  USBTerminal.o
CDC_Device_CreateBlockingStream                   ../../../LUFA/Drivers/USB/Class/Device/CDCClassDevice.o
CDC_Device_CreateStream                           ../../../LUFA/Drivers/USB/Class/Device/CDCClassDevice.o
CDC_Device_Event_Stub                             ../../../LUFA/Drivers/USB/Class/Device/CDCClassDevice.o
CDC_Device_Flush                                  ../../../LUFA/Drivers/USB/Class/Device/CDCClassDevice.o
CDC_Device_ProcessControlRequest                  ../../../LUFA/Drivers/USB/Class/Device/CDCClassDevice.o
                                                  USBTerminal.o
CDC_Device_ReceiveByte                            ../../../LUFA/Drivers/USB/Class/Device/CDCClassDevice.o
                                                  USBTerminal.o
CDC_Device_SendByte                               ../../../LUFA/Drivers/USB/Class/Device/CDCClassDevice.o
                                                  USBTerminal.o
CDC_Device_SendControlLineStateChange             ../../../LUFA/Drivers/USB/Class/Device/CDCClassDevice.o
CDC_Device_SendData                               ../../../LUFA/Drivers/USB/Class/Device/CDCClassDevice.o
CDC_Device_SendData_P                             ../../../LUFA/Drivers/USB/Class/Device/CDCClassDevice.o
CDC_Device_SendString                             ../../../LUFA/Drivers/USB/Class/Device/CDCClassDevice.o
CDC_Device_SendString_P                           ../../../LUFA/Drivers/USB/Class/Device/CDCClassDevice.o
CDC_Device_USBTask                                ../../../LUFA/Drivers/USB/Class/Device/CDCClassDevice.o
                                                  USBTerminal.o
CharString_append                                 CharString.o
                                                  StringUtils.o
                                                  Console.o
CharString_appendC                                CharString.o
                                                  StringUtils.o
                                                  Console.o
CharString_appendCS                               CharString.o
CharString_appendNewline                          CharString.o
CharString_appendP                                CharString.o
                                                  INA219.o
                                                  PowerMeter.o
                                                  SystemTime.o
                                                  CommandProcessor.o
CharString_truncate                               CharString.o
                                                  Console.o
CommandProcessor_processCommand                   CommandProcessor.o
                                                  Console.o
ConfigurationDescriptor                           Descriptors.o
Console_Initialize                                Console.o
                                                  USBtoSerial.o
Console_print                                     Console.o
Console_printCS                                   Console.o
                                                  INA219.o
                                                  PowerMeter.o
                                                  CommandProcessor.o
Console_printP                                    Console.o
                                                  PowerMeter.o
                                                  CommandProcessor.o
Console_task                                      Console.o
                                                  USBtoSerial.o
DeviceDescriptor                                  Descriptors.o
EEPROM_read                                       EEPROM.o
                                                  CommandProcessor.o
EEPROM_write                                      EEPROM.o
                                                  CommandProcessor.o
EVENT_Audio_Device_StreamStartStop                ../../../LUFA/Drivers/USB/Class/Device/AudioClassDevice.o
EVENT_CDC_Device_BreakSent                        ../../../LUFA/Drivers/USB/Class/Device/CDCClassDevice.o
EVENT_CDC_Device_ControLineStateChanged           ../../../LUFA/Drivers/USB/Class/Device/CDCClassDevice.o
EVENT_CDC_Device_LineEncodingChanged              USBTerminal.o
EVENT_PRNT_Device_SoftReset                       ../../../LUFA/Drivers/USB/Class/Device/PrinterClassDevice.o
EVENT_USB_Device_ConfigurationChanged             USBTerminal.o
                                                  ../../../LUFA/Drivers/USB/Core/DeviceStandardReq.o
EVENT_USB_Device_Connect                          USBTerminal.o
                                                  ../../../LUFA/Drivers/USB/Core/AVR8/USBInterrupt_AVR8.o
EVENT_USB_Device_ControlRequest                   USBTerminal.o
                                                  ../../../LUFA/Drivers/USB/Core/DeviceStandardReq.o
EVENT_USB_Device_Disconnect                       USBTerminal.o
                                                  ../../../LUFA/Drivers/USB/Core/AVR8/USBInterrupt_AVR8.o
EVENT_USB_Device_Reset                            ../../../LUFA/Drivers/USB/Core/Events.o
                                                  ../../../LUFA/Drivers/USB/Core/AVR8/USBInterrupt_AVR8.o
EVENT_USB_Device_StartOfFrame                     ../../../LUFA/Drivers/USB/Core/Events.o
                                                  ../../../LUFA/Drivers/USB/Core/AVR8/USBInterrupt_AVR8.o
EVENT_USB_Device_Suspend                          ../../../LUFA/Drivers/USB/Core/Events.o
                                                  ../../../LUFA/Drivers/USB/Core/AVR8/USBInterrupt_AVR8.o
EVENT_USB_Device_WakeUp                           ../../../LUFA/Drivers/USB/Core/Events.o
                                                  ../../../LUFA/Drivers/USB/Core/AVR8/USBInterrupt_AVR8.o
Endpoint_ClearEndpoints                           ../../../LUFA/Drivers/USB/Core/AVR8/Endpoint_AVR8.o
Endpoint_ClearStatusStage                         ../../../LUFA/Drivers/USB/Core/AVR8/Endpoint_AVR8.o
                                                  ../../../LUFA/Drivers/USB/Class/Device/PrinterClassDevice.o
                                                  ../../../LUFA/Drivers/USB/Class/Device/MassStorageClassDevice.o
                                                  ../../../LUFA/Drivers/USB/Class/Device/HIDClassDevice.o
                                                  ../../../LUFA/Drivers/USB/Class/Device/CDCClassDevice.o
                                                  ../../../LUFA/Drivers/USB/Class/Device/AudioClassDevice.o
                                                  ../../../LUFA/Drivers/USB/Core/DeviceStandardReq.o
Endpoint_ConfigureEndpointTable                   ../../../LUFA/Drivers/USB/Core/AVR8/Endpoint_AVR8.o
                                                  ../../../LUFA/Drivers/USB/Class/Device/RNDISClassDevice.o
                                                  ../../../LUFA/Drivers/USB/Class/Device/PrinterClassDevice.o
                                                  ../../../LUFA/Drivers/USB/Class/Device/MIDIClassDevice.o
                                                  ../../../LUFA/Drivers/USB/Class/Device/MassStorageClassDevice.o
                                                  ../../../LUFA/Drivers/USB/Class/Device/HIDClassDevice.o
                                                  ../../../LUFA/Drivers/USB/Class/Device/CDCClassDevice.o
                                                  ../../../LUFA/Drivers/USB/Class/Device/AudioClassDevice.o
Endpoint_ConfigureEndpoint_Prv                    ../../../LUFA/Drivers/USB/Core/AVR8/Endpoint_AVR8.o
                                                  ../../../LUFA/Drivers/USB/Core/AVR8/USBInterrupt_AVR8.o
                                                  ../../../LUFA/Drivers/USB/Core/AVR8/USBController_AVR8.o
Endpoint_Discard_Stream                           ../../../LUFA/Drivers/USB/Core/AVR8/EndpointStream_AVR8.o
Endpoint_Null_Stream                              ../../../LUFA/Drivers/USB/Core/AVR8/EndpointStream_AVR8.o
Endpoint_Read_Control_EStream_BE                  ../../../LUFA/Drivers/USB/Core/AVR8/EndpointStream_AVR8.o
Endpoint_Read_Control_EStream_LE                  ../../../LUFA/Drivers/USB/Core/AVR8/EndpointStream_AVR8.o
Endpoint_Read_Control_Stream_BE                   ../../../LUFA/Drivers/USB/Core/AVR8/EndpointStream_AVR8.o
Endpoint_Read_Control_Stream_LE                   ../../../LUFA/Drivers/USB/Core/AVR8/EndpointStream_AVR8.o
                                                  ../../../LUFA/Drivers/USB/Class/Device/RNDISClassDevice.o
                                                  ../../../LUFA/Drivers/USB/Class/Device/HIDClassDevice.o
                                                  ../../../LUFA/Drivers/USB/Class/Device/AudioClassDevice.o
Endpoint_Read_EStream_BE                          ../../../LUFA/Drivers/USB/Core/AVR8/EndpointStream_AVR8.o
Endpoint_Read_EStream_LE                          ../../../LUFA/Drivers/USB/Core/AVR8/EndpointStream_AVR8.o
Endpoint_Read_Stream_BE                           ../../../LUFA/Drivers/USB/Core/AVR8/EndpointStream_AVR8.o
Endpoint_Read_Stream_LE                           ../../../LUFA/Drivers/USB/Core/AVR8/EndpointStream_AVR8.o
                                                  ../../../LUFA/Drivers/USB/Class/Device/RNDISClassDevice.o
                                                  ../../../LUFA/Drivers/USB/Class/Device/MIDIClassDevice.o
                                                  ../../../LUFA/Drivers/USB/Class/Device/MassStorageClassDevice.o
Endpoint_WaitUntilReady                           ../../../LUFA/Drivers/USB/Core/AVR8/Endpoint_AVR8.o
                                                  ../../../LUFA/Drivers/USB/Class/Device/RNDISClassDevice.o
                                                  ../../../LUFA/Drivers/USB/Class/Device/PrinterClassDevice.o
                                                  ../../../LUFA/Drivers/USB/Class/Device/MIDIClassDevice.o
                                                  ../../../LUFA/Drivers/USB/Class/Device/CDCClassDevice.o
                                                  ../../../LUFA/Drivers/USB/Core/AVR8/EndpointStream_AVR8.o
Endpoint_Write_Control_EStream_BE                 ../../../LUFA/Drivers/USB/Core/AVR8/EndpointStream_AVR8.o
Endpoint_Write_Control_EStream_LE                 ../../../LUFA/Drivers/USB/Core/AVR8/EndpointStream_AVR8.o
Endpoint_Write_Control_PStream_BE                 ../../../LUFA/Drivers/USB/Core/AVR8/EndpointStream_AVR8.o
Endpoint_Write_Control_PStream_LE                 ../../../LUFA/Drivers/USB/Core/AVR8/EndpointStream_AVR8.o
                                                  ../../../LUFA/Drivers/USB/Core/DeviceStandardReq.o
Endpoint_Write_Control_Stream_BE                  ../../../LUFA/Drivers/USB/Core/AVR8/EndpointStream_AVR8.o
Endpoint_Write_Control_Stream_LE                  ../../../LUFA/Drivers/USB/Core/AVR8/EndpointStream_AVR8.o
                                                  ../../../LUFA/Drivers/USB/Class/Device/RNDISClassDevice.o
                                                  ../../../LUFA/Drivers/USB/Class/Device/PrinterClassDevice.o
                                                  ../../../LUFA/Drivers/USB/Class/Device/HIDClassDevice.o
                                                  ../../../LUFA/Drivers/USB/Class/Device/AudioClassDevice.o
                                                  ../../../LUFA/Drivers/USB/Core/DeviceStandardReq.o
Endpoint_Write_EStream_BE                         ../../../LUFA/Drivers/USB/Core/AVR8/EndpointStream_AVR8.o
Endpoint_Write_EStream_LE                         ../../../LUFA/Drivers/USB/Core/AVR8/EndpointStream_AVR8.o
Endpoint_Write_PStream_BE                         ../../../LUFA/Drivers/USB/Core/AVR8/EndpointStream_AVR8.o
Endpoint_Write_PStream_LE                         ../../../LUFA/Drivers/USB/Core/AVR8/EndpointStream_AVR8.o
                                                  ../../../LUFA/Drivers/USB/Class/Device/CDCClassDevice.o
Endpoint_Write_Stream_BE                          ../../../LUFA/Drivers/USB/Core/AVR8/EndpointStream_AVR8.o
Endpoint_Write_Stream_LE                          ../../../LUFA/Drivers/USB/Core/AVR8/EndpointStream_AVR8.o
                                                  ../../../LUFA/Drivers/USB/Class/Device/RNDISClassDevice.o
                                                  ../../../LUFA/Drivers/USB/Class/Device/PrinterClassDevice.o
                                                  ../../../LUFA/Drivers/USB/Class/Device/MIDIClassDevice.o
                                                  ../../../LUFA/Drivers/USB/Class/Device/MassStorageClassDevice.o
                                                  ../../../LUFA/Drivers/USB/Class/Device/HIDClassDevice.o
                                                  ../../../LUFA/Drivers/USB/Class/Device/CDCClassDevice.o
FromUSB_Buffer                                    USBTerminal.o
                                                  Console.o
FromUSB_Buffer_buf                                USBTerminal.o
HID_Device_ConfigureEndpoints                     ../../../LUFA/Drivers/USB/Class/Device/HIDClassDevice.o
HID_Device_ProcessControlRequest                  ../../../LUFA/Drivers/USB/Class/Device/HIDClassDevice.o
HID_Device_USBTask                                ../../../LUFA/Drivers/USB/Class/Device/HIDClassDevice.o
I2CAsync_Initialize                               I2CAsync.o
                                                  USBtoSerial.o
I2CAsync_isIdle                                   I2CAsync.o
I2CAsync_task                                     I2CAsync.o
                                                  USBtoSerial.o
I2CAsync_transferData                             I2CAsync.o
                                                  INA219.o
INA219_readRegister                               INA219.o
                                                  PowerMeter.o
INA219_setCalibration                             INA219.o
INA219_setConfiguration                           INA219.o
                                                  PowerMeter.o
INA219_setRegisterPtr                             INA219.o
                                                  PowerMeter.o
Initialize                                        USBtoSerial.o
LanguageString                                    Descriptors.o
MIDI_Device_ConfigureEndpoints                    ../../../LUFA/Drivers/USB/Class/Device/MIDIClassDevice.o
MIDI_Device_Flush                                 ../../../LUFA/Drivers/USB/Class/Device/MIDIClassDevice.o
MIDI_Device_ReceiveEventPacket                    ../../../LUFA/Drivers/USB/Class/Device/MIDIClassDevice.o
MIDI_Device_SendEventPacket                       ../../../LUFA/Drivers/USB/Class/Device/MIDIClassDevice.o
MIDI_Device_USBTask                               ../../../LUFA/Drivers/USB/Class/Device/MIDIClassDevice.o
MS_Device_ConfigureEndpoints                      ../../../LUFA/Drivers/USB/Class/Device/MassStorageClassDevice.o
MS_Device_ProcessControlRequest                   ../../../LUFA/Drivers/USB/Class/Device/MassStorageClassDevice.o
MS_Device_USBTask                                 ../../../LUFA/Drivers/USB/Class/Device/MassStorageClassDevice.o
ManufacturerString                                Descriptors.o
PRNT_Device_BytesReceived                         ../../../LUFA/Drivers/USB/Class/Device/PrinterClassDevice.o
PRNT_Device_ConfigureEndpoints                    ../../../LUFA/Drivers/USB/Class/Device/PrinterClassDevice.o
PRNT_Device_CreateBlockingStream                  ../../../LUFA/Drivers/USB/Class/Device/PrinterClassDevice.o
PRNT_Device_CreateStream                          ../../../LUFA/Drivers/USB/Class/Device/PrinterClassDevice.o
PRNT_Device_Event_Stub                            ../../../LUFA/Drivers/USB/Class/Device/PrinterClassDevice.o
PRNT_Device_Flush                                 ../../../LUFA/Drivers/USB/Class/Device/PrinterClassDevice.o
PRNT_Device_ProcessControlRequest                 ../../../LUFA/Drivers/USB/Class/Device/PrinterClassDevice.o
PRNT_Device_ReceiveByte                           ../../../LUFA/Drivers/USB/Class/Device/PrinterClassDevice.o
PRNT_Device_SendByte                              ../../../LUFA/Drivers/USB/Class/Device/PrinterClassDevice.o
PRNT_Device_SendData                              ../../../LUFA/Drivers/USB/Class/Device/PrinterClassDevice.o
PRNT_Device_SendString                            ../../../LUFA/Drivers/USB/Class/Device/PrinterClassDevice.o
PRNT_Device_USBTask                               ../../../LUFA/Drivers/USB/Class/Device/PrinterClassDevice.o
PowerMeter_Initialize                             PowerMeter.o
                                                  USBtoSerial.o
PowerMeter_reset                                  PowerMeter.o
                                                  CommandProcessor.o
PowerMeter_start                                  PowerMeter.o
                                                  CommandProcessor.o
PowerMeter_stop                                   PowerMeter.o
                                                  CommandProcessor.o
PowerMeter_task                                   PowerMeter.o
                                                  USBtoSerial.o
ProductString                                     Descriptors.o
RNDIS_Device_ConfigureEndpoints                   ../../../LUFA/Drivers/USB/Class/Device/RNDISClassDevice.o
RNDIS_Device_IsPacketReceived                     ../../../LUFA/Drivers/USB/Class/Device/RNDISClassDevice.o
RNDIS_Device_ProcessControlRequest                ../../../LUFA/Drivers/USB/Class/Device/RNDISClassDevice.o
RNDIS_Device_ReadPacket                           ../../../LUFA/Drivers/USB/Class/Device/RNDISClassDevice.o
RNDIS_Device_SendPacket                           ../../../LUFA/Drivers/USB/Class/Device/RNDISClassDevice.o
RNDIS_Device_USBTask                              ../../../LUFA/Drivers/USB/Class/Device/RNDISClassDevice.o
StringUtils_appendDecimal                         StringUtils.o
                                                  INA219.o
                                                  SystemTime.o
                                                  CommandProcessor.o
StringUtils_appendDecimal32                       StringUtils.o
                                                  PowerMeter.o
StringUtils_lookupString                          StringUtils.o
StringUtils_scanDecimal                           StringUtils.o
StringUtils_scanDelimitedString                   StringUtils.o
StringUtils_scanInteger                           StringUtils.o
StringUtils_scanIntegerU32                        StringUtils.o
StringUtils_scanQuotedString                      StringUtils.o
StringUtils_skipWhitespace                        StringUtils.o
SystemTime_Initialize                             SystemTime.o
                                                  USBtoSerial.o
SystemTime_appendCurrentToString                  SystemTime.o
SystemTime_commenceShutdown                       SystemTime.o
SystemTime_futureTime                             SystemTime.o
                                                  I2CAsync.o
                                                  Console.o
SystemTime_getCurrentTime                         SystemTime.o
SystemTime_registerForTickNotification            SystemTime.o
SystemTime_shuttingDown                           SystemTime.o
SystemTime_task                                   SystemTime.o
                                                  USBtoSerial.o
SystemTime_timeHasArrived                         SystemTime.o
                                                  I2CAsync.o
                                                  Console.o
ToUSB_Buffer                                      USBTerminal.o
ToUSB_Buffer_buf                                  USBTerminal.o
USBTerminal_Initialize                            USBTerminal.o
                                                  USBtoSerial.o
USBTerminal_isConnected                           USBTerminal.o
                                                  Console.o
USBTerminal_sendCharsToHost                       USBTerminal.o
                                                  Console.o
USBTerminal_sendCharsToHostP                      USBTerminal.o
USBTerminal_sendLineToHost                        USBTerminal.o
                                                  Console.o
USBTerminal_sendLineToHostP                       USBTerminal.o
                                                  Console.o
USBTerminal_task                                  USBTerminal.o
                                                  USBtoSerial.o
USB_ControlRequest                                ../../../LUFA/Drivers/USB/Class/Device/RNDISClassDevice.o
                                                  ../../../LUFA/Drivers/USB/Class/Device/PrinterClassDevice.o
                                                  ../../../LUFA/Drivers/USB/Class/Device/MassStorageClassDevice.o
                                                  ../../../LUFA/Drivers/USB/Class/Device/HIDClassDevice.o
                                                  ../../../LUFA/Drivers/USB/Class/Device/CDCClassDevice.o
                                                  ../../../LUFA/Drivers/USB/Class/Device/AudioClassDevice.o
                                                  ../../../LUFA/Drivers/USB/Core/USBTask.o
                                                  ../../../LUFA/Drivers/USB/Core/DeviceStandardReq.o
                                                  ../../../LUFA/Drivers/USB/Core/AVR8/Endpoint_AVR8.o
                                                  ../../../LUFA/Drivers/USB/Core/AVR8/EndpointStream_AVR8.o
USB_Device_ConfigurationNumber                    ../../../LUFA/Drivers/USB/Core/DeviceStandardReq.o
                                                  ../../../LUFA/Drivers/USB/Core/AVR8/USBInterrupt_AVR8.o
                                                  ../../../LUFA/Drivers/USB/Core/AVR8/USBController_AVR8.o
USB_Device_CurrentlySelfPowered                   ../../../LUFA/Drivers/USB/Core/DeviceStandardReq.o
                                                  ../../../LUFA/Drivers/USB/Core/AVR8/USBController_AVR8.o
USB_Device_ProcessControlRequest                  ../../../LUFA/Drivers/USB/Core/DeviceStandardReq.o
                                                  ../../../LUFA/Drivers/USB/Core/USBTask.o
                                                  ../../../LUFA/Drivers/USB/Core/AVR8/USBInterrupt_AVR8.o
USB_Device_RemoteWakeupEnabled                    ../../../LUFA/Drivers/USB/Core/DeviceStandardReq.o
                                                  ../../../LUFA/Drivers/USB/Core/AVR8/USBController_AVR8.o
USB_Device_SendRemoteWakeup                       ../../../LUFA/Drivers/USB/Core/AVR8/Device_AVR8.o
USB_Disable                                       ../../../LUFA/Drivers/USB/Core/AVR8/USBController_AVR8.o
USB_Event_Stub                                    ../../../LUFA/Drivers/USB/Core/Events.o
USB_GetHIDReportItemInfo                          ../../../LUFA/Drivers/USB/Class/Common/HIDParser.o
USB_GetHIDReportSize                              ../../../LUFA/Drivers/USB/Class/Common/HIDParser.o
USB_GetNextDescriptorComp                         ../../../LUFA/Drivers/USB/Core/ConfigDescriptors.o
USB_GetNextDescriptorOfType                       ../../../LUFA/Drivers/USB/Core/ConfigDescriptors.o
USB_GetNextDescriptorOfTypeAfter                  ../../../LUFA/Drivers/USB/Core/ConfigDescriptors.o
USB_GetNextDescriptorOfTypeBefore                 ../../../LUFA/Drivers/USB/Core/ConfigDescriptors.o
USB_INT_ClearAllInterrupts                        ../../../LUFA/Drivers/USB/Core/AVR8/USBInterrupt_AVR8.o
                                                  ../../../LUFA/Drivers/USB/Core/AVR8/USBController_AVR8.o
USB_INT_DisableAllInterrupts                      ../../../LUFA/Drivers/USB/Core/AVR8/USBInterrupt_AVR8.o
                                                  ../../../LUFA/Drivers/USB/Core/AVR8/USBController_AVR8.o
USB_Init                                          ../../../LUFA/Drivers/USB/Core/AVR8/USBController_AVR8.o
                                                  USBTerminal.o
USB_IsInitialized                                 ../../../LUFA/Drivers/USB/Core/USBTask.o
                                                  ../../../LUFA/Drivers/USB/Core/AVR8/USBController_AVR8.o
USB_ProcessHIDReport                              ../../../LUFA/Drivers/USB/Class/Common/HIDParser.o
USB_ResetInterface                                ../../../LUFA/Drivers/USB/Core/AVR8/USBController_AVR8.o
USB_SetHIDReportItemInfo                          ../../../LUFA/Drivers/USB/Class/Common/HIDParser.o
USB_USBTask                                       ../../../LUFA/Drivers/USB/Core/USBTask.o
                                                  ../../../LUFA/Drivers/USB/Class/Device/PrinterClassDevice.o
                                                  ../../../LUFA/Drivers/USB/Class/Device/CDCClassDevice.o
                                                  USBTerminal.o
VirtualSerial_CDC_Interface                       USBTerminal.o
__bad_interrupt                                   c:/winavr-20100110/bin/../lib/gcc/avr/4.3.3/../../../../avr/lib/avr5/crtm32u4.o
__bss_end                                         c:/winavr-20100110/bin/../lib/gcc/avr/4.3.3/avr5\libgcc.a(_clear_bss.o)
__bss_start                                       c:/winavr-20100110/bin/../lib/gcc/avr/4.3.3/avr5\libgcc.a(_clear_bss.o)
__data_end                                        c:/winavr-20100110/bin/../lib/gcc/avr/4.3.3/avr5\libgcc.a(_copy_data.o)
__data_load_start                                 c:/winavr-20100110/bin/../lib/gcc/avr/4.3.3/avr5\libgcc.a(_copy_data.o)
__data_start                                      c:/winavr-20100110/bin/../lib/gcc/avr/4.3.3/avr5\libgcc.a(_copy_data.o)
__divmodhi4                                       c:/winavr-20100110/bin/../lib/gcc/avr/4.3.3/avr5\libgcc.a(_divmodhi4.o)
                                                  StringUtils.o
__divmodsi4                                       c:/winavr-20100110/bin/../lib/gcc/avr/4.3.3/avr5\libgcc.a(_divmodsi4.o)
                                                  PowerMeter.o
__do_clear_bss                                    c:/winavr-20100110/bin/../lib/gcc/avr/4.3.3/avr5\libgcc.a(_clear_bss.o)
                                                  c:/winavr-20100110/bin/../lib/gcc/avr/4.3.3/../../../../avr/lib/avr5\libc.a(strtok.o)
                                                  ../../../LUFA/Drivers/USB/Core/USBTask.o
                                                  ../../../LUFA/Drivers/USB/Core/DeviceStandardReq.o
                                                  I2CAsync.o
                                                  INA219.o
                                                  PowerMeter.o
                                                  SystemTime.o
                                                  Console.o
                                                  USBTerminal.o
__do_copy_data                                    c:/winavr-20100110/bin/../lib/gcc/avr/4.3.3/avr5\libgcc.a(_copy_data.o)
                                                  ../../../LUFA/Drivers/USB/Class/Device/RNDISClassDevice.o
                                                  ../../../LUFA/Drivers/USB/Class/Device/CDCClassDevice.o
                                                  CommandProcessor.o
                                                  Console.o
                                                  USBTerminal.o
__eerd_byte_m32u4                                 c:/winavr-20100110/bin/../lib/gcc/avr/4.3.3/../../../../avr/lib/avr5\libc.a(eerd_byte_atmega32u4.o)
                                                  ../../../LUFA/Drivers/USB/Core/AVR8/EndpointStream_AVR8.o
__eeupd_byte_m32u4                                c:/winavr-20100110/bin/../lib/gcc/avr/4.3.3/../../../../avr/lib/avr5\libc.a(eeupd_byte_atmega32u4.o)
                                                  ../../../LUFA/Drivers/USB/Core/AVR8/EndpointStream_AVR8.o
__eeupd_r18_m32u4                                 c:/winavr-20100110/bin/../lib/gcc/avr/4.3.3/../../../../avr/lib/avr5\libc.a(eeupd_byte_atmega32u4.o)
__heap_end                                        c:/winavr-20100110/bin/../lib/gcc/avr/4.3.3/../../../../avr/lib/avr5/crtm32u4.o
__init                                            c:/winavr-20100110/bin/../lib/gcc/avr/4.3.3/../../../../avr/lib/avr5/crtm32u4.o
__mulhi_const_10                                  c:/winavr-20100110/bin/../lib/gcc/avr/4.3.3/../../../../avr/lib/avr5\libc.a(mul10.o)
                                                  c:/winavr-20100110/bin/../lib/gcc/avr/4.3.3/../../../../avr/lib/avr5\libc.a(atoi.o)
__mulsi3                                          c:/winavr-20100110/bin/../lib/gcc/avr/4.3.3/avr5\libgcc.a(_mulsi3.o)
                                                  StringUtils.o
__stack                                           c:/winavr-20100110/bin/../lib/gcc/avr/4.3.3/../../../../avr/lib/avr5/crtm32u4.o
__udivmodhi4                                      c:/winavr-20100110/bin/../lib/gcc/avr/4.3.3/avr5\libgcc.a(_udivmodhi4.o)
                                                  c:/winavr-20100110/bin/../lib/gcc/avr/4.3.3/avr5\libgcc.a(_divmodhi4.o)
                                                  StringUtils.o
                                                  PowerMeter.o
__udivmodsi4                                      c:/winavr-20100110/bin/../lib/gcc/avr/4.3.3/avr5\libgcc.a(_udivmodsi4.o)
                                                  c:/winavr-20100110/bin/../lib/gcc/avr/4.3.3/avr5\libgcc.a(_divmodsi4.o)
                                                  StringUtils.o
                                                  SystemTime.o
__vector_1                                        c:/winavr-20100110/bin/../lib/gcc/avr/4.3.3/../../../../avr/lib/avr5/crtm32u4.o
__vector_10                                       ../../../LUFA/Drivers/USB/Core/AVR8/USBInterrupt_AVR8.o
                                                  c:/winavr-20100110/bin/../lib/gcc/avr/4.3.3/../../../../avr/lib/avr5/crtm32u4.o
__vector_11                                       ../../../LUFA/Drivers/USB/Core/AVR8/USBInterrupt_AVR8.o
                                                  c:/winavr-20100110/bin/../lib/gcc/avr/4.3.3/../../../../avr/lib/avr5/crtm32u4.o
__vector_12                                       c:/winavr-20100110/bin/../lib/gcc/avr/4.3.3/../../../../avr/lib/avr5/crtm32u4.o
__vector_13                                       c:/winavr-20100110/bin/../lib/gcc/avr/4.3.3/../../../../avr/lib/avr5/crtm32u4.o
__vector_14                                       c:/winavr-20100110/bin/../lib/gcc/avr/4.3.3/../../../../avr/lib/avr5/crtm32u4.o
__vector_15                                       c:/winavr-20100110/bin/../lib/gcc/avr/4.3.3/../../../../avr/lib/avr5/crtm32u4.o
__vector_16                                       c:/winavr-20100110/bin/../lib/gcc/avr/4.3.3/../../../../avr/lib/avr5/crtm32u4.o
__vector_17                                       PowerMeter.o
                                                  c:/winavr-20100110/bin/../lib/gcc/avr/4.3.3/../../../../avr/lib/avr5/crtm32u4.o
__vector_18                                       c:/winavr-20100110/bin/../lib/gcc/avr/4.3.3/../../../../avr/lib/avr5/crtm32u4.o
__vector_19                                       c:/winavr-20100110/bin/../lib/gcc/avr/4.3.3/../../../../avr/lib/avr5/crtm32u4.o
__vector_2                                        c:/winavr-20100110/bin/../lib/gcc/avr/4.3.3/../../../../avr/lib/avr5/crtm32u4.o
__vector_20                                       c:/winavr-20100110/bin/../lib/gcc/avr/4.3.3/../../../../avr/lib/avr5/crtm32u4.o
__vector_21                                       c:/winavr-20100110/bin/../lib/gcc/avr/4.3.3/../../../../avr/lib/avr5/crtm32u4.o
__vector_22                                       c:/winavr-20100110/bin/../lib/gcc/avr/4.3.3/../../../../avr/lib/avr5/crtm32u4.o
__vector_23                                       c:/winavr-20100110/bin/../lib/gcc/avr/4.3.3/../../../../avr/lib/avr5/crtm32u4.o
__vector_24                                       c:/winavr-20100110/bin/../lib/gcc/avr/4.3.3/../../../../avr/lib/avr5/crtm32u4.o
__vector_25                                       c:/winavr-20100110/bin/../lib/gcc/avr/4.3.3/../../../../avr/lib/avr5/crtm32u4.o
__vector_26                                       c:/winavr-20100110/bin/../lib/gcc/avr/4.3.3/../../../../avr/lib/avr5/crtm32u4.o
__vector_27                                       c:/winavr-20100110/bin/../lib/gcc/avr/4.3.3/../../../../avr/lib/avr5/crtm32u4.o
__vector_28                                       c:/winavr-20100110/bin/../lib/gcc/avr/4.3.3/../../../../avr/lib/avr5/crtm32u4.o
__vector_29                                       c:/winavr-20100110/bin/../lib/gcc/avr/4.3.3/../../../../avr/lib/avr5/crtm32u4.o
__vector_3                                        c:/winavr-20100110/bin/../lib/gcc/avr/4.3.3/../../../../avr/lib/avr5/crtm32u4.o
__vector_30                                       c:/winavr-20100110/bin/../lib/gcc/avr/4.3.3/../../../../avr/lib/avr5/crtm32u4.o
__vector_31                                       c:/winavr-20100110/bin/../lib/gcc/avr/4.3.3/../../../../avr/lib/avr5/crtm32u4.o
__vector_32                                       SystemTime.o
                                                  c:/winavr-20100110/bin/../lib/gcc/avr/4.3.3/../../../../avr/lib/avr5/crtm32u4.o
__vector_33                                       c:/winavr-20100110/bin/../lib/gcc/avr/4.3.3/../../../../avr/lib/avr5/crtm32u4.o
__vector_34                                       c:/winavr-20100110/bin/../lib/gcc/avr/4.3.3/../../../../avr/lib/avr5/crtm32u4.o
__vector_35                                       c:/winavr-20100110/bin/../lib/gcc/avr/4.3.3/../../../../avr/lib/avr5/crtm32u4.o
__vector_36                                       c:/winavr-20100110/bin/../lib/gcc/avr/4.3.3/../../../../avr/lib/avr5/crtm32u4.o
__vector_37                                       c:/winavr-20100110/bin/../lib/gcc/avr/4.3.3/../../../../avr/lib/avr5/crtm32u4.o
__vector_38                                       c:/winavr-20100110/bin/../lib/gcc/avr/4.3.3/../../../../avr/lib/avr5/crtm32u4.o
__vector_39                                       c:/winavr-20100110/bin/../lib/gcc/avr/4.3.3/../../../../avr/lib/avr5/crtm32u4.o
__vector_4                                        c:/winavr-20100110/bin/../lib/gcc/avr/4.3.3/../../../../avr/lib/avr5/crtm32u4.o
__vector_40                                       c:/winavr-20100110/bin/../lib/gcc/avr/4.3.3/../../../../avr/lib/avr5/crtm32u4.o
__vector_41                                       c:/winavr-20100110/bin/../lib/gcc/avr/4.3.3/../../../../avr/lib/avr5/crtm32u4.o
__vector_42                                       c:/winavr-20100110/bin/../lib/gcc/avr/4.3.3/../../../../avr/lib/avr5/crtm32u4.o
__vector_5                                        c:/winavr-20100110/bin/../lib/gcc/avr/4.3.3/../../../../avr/lib/avr5/crtm32u4.o
__vector_6                                        c:/winavr-20100110/bin/../lib/gcc/avr/4.3.3/../../../../avr/lib/avr5/crtm32u4.o
__vector_7                                        c:/winavr-20100110/bin/../lib/gcc/avr/4.3.3/../../../../avr/lib/avr5/crtm32u4.o
__vector_8                                        c:/winavr-20100110/bin/../lib/gcc/avr/4.3.3/../../../../avr/lib/avr5/crtm32u4.o
__vector_9                                        c:/winavr-20100110/bin/../lib/gcc/avr/4.3.3/../../../../avr/lib/avr5/crtm32u4.o
__vector_default                                  c:/winavr-20100110/bin/../lib/gcc/avr/4.3.3/../../../../avr/lib/avr5/crtm32u4.o
__vectors                                         c:/winavr-20100110/bin/../lib/gcc/avr/4.3.3/../../../../avr/lib/avr5/crtm32u4.o
_div                                              c:/winavr-20100110/bin/../lib/gcc/avr/4.3.3/avr5\libgcc.a(_divmodhi4.o)